<html>
<body>
<pre>
<h1>猩ision Build Log</h1>
<h2>Tool Versions:</h2>
IDE-Version: μVision V5.20.0.39
Copyright (C) 2016 ARM Ltd and ARM Germany GmbH. All rights reserved.
License Information: a s, s, LIC=----
 
Tool Versions:
Toolchain:       MDK-Lite  Version: 5.11.0.0
Toolchain Path:  C:\Keil_v5\ARM\ARMCC\Bin
C Compiler:      Armcc.exe V5.04 update 1 (build 49)
Assembler:       Armasm.exe V5.04 update 1 (build 49)
Linker/Locator:  ArmLink.exe V5.04 update 1 (build 49)
Library Manager: ArmAr.exe V5.04 update 1 (build 49)
Hex Converter:   FromElf.exe V5.04 update 1 (build 49)
CPU DLL:         SARMCM3.DLL V5.11.0.0
Dialog DLL:      DARMSTM.DLL V1.65.0.0
Target DLL:      UL2CM3.DLL V1.152.17.0
Dialog DLL:      TARMSTM.DLL V1.64.0.0
 
<h2>Project:</h2>
D:\暫時放置\2017-10-07備份\工作區\stm51\STM32F10x_StdPeriph_Lib_V3.5.0\Project\STM32F10x_StdPeriph_Template\MDK-ARM\Project.uvproj
Project File Date:  10/26/2017

<h2>Output:</h2>
*** Using Compiler 'V5.04 update 1 (build 49)', folder: 'C:\Keil_v5\ARM\ARMCC\Bin'
Rebuild target 'STM3210E-EVAL_XL'
compiling QKey.c...
sourcecode\QKey.c(44): warning:  #1-D: last line of file ends without a newline
  }
sourcecode\QKey.c: 1 warning, 0 errors
compiling Qevent_handler.c...
compiling stm32f10x_it.c...
..\stm32f10x_it.c(63): warning:  #223-D: function "STM_EVAL_LEDToggle" declared implicitly
  	STM_EVAL_LEDToggle(0);
..\stm32f10x_it.c: 1 warning, 0 errors
compiling QGPIO.c...
compiling QuanProcessCMD.c...
sourcecode\QuanProcessCMD.c(10): warning:  #47-D: incompatible redefinition of macro "CommandLength" (declared at line 2 of "sourcecode\QuanProcessCMD.h")
  #define CommandLength BUFFERSIZE
sourcecode\QuanProcessCMD.c(18): warning:  #188-D: enumerated type mixed with another type
  UartRX_Port_t UAART_RX_Port=0;
sourcecode\QuanProcessCMD.c(40): warning:  #520-D: initialization with "{...}" expected for aggregate object
    char command0[CommandLength]=0;//temporary storage for UART0 command
sourcecode\QuanProcessCMD.c(94): warning:  #940-D: missing return statement at end of non-void function "Rx3ProcessCMD"
  }
sourcecode\QuanProcessCMD.c(37): warning:  #177-D: variable "x" was declared but never referenced
  	uint8_t i=0,x=0;
sourcecode\QuanProcessCMD.c(150): warning:  #940-D: missing return statement at end of non-void function "Rx5ProcessCMD"
  }
sourcecode\QuanProcessCMD.c(98): warning:  #177-D: variable "x" was declared but never referenced
    uint8_t i=0,x=0;
sourcecode\QuanProcessCMD.c(206): warning:  #940-D: missing return statement at end of non-void function "Rx2ProcessCMD"
  }
sourcecode\QuanProcessCMD.c(154): warning:  #177-D: variable "x" was declared but never referenced
  	uint8_t i=0,x=0;
sourcecode\QuanProcessCMD.c(276): warning:  #223-D: function "UART2_to_USARTMTK_long" declared implicitly
  		  UART2_to_USARTMTK_long(AT_TransparentTemp,Len2+2+5);
sourcecode\QuanProcessCMD.c(282): warning:  #940-D: missing return statement at end of non-void function "processATTX"
  }
sourcecode\QuanProcessCMD.c(226): warning:  #177-D: variable "y" was declared but never referenced
  	uint8_t Len,y=0,Len2=0;
sourcecode\QuanProcessCMD.c(307): warning:  #940-D: missing return statement at end of non-void function "processATT1"
  }
sourcecode\QuanProcessCMD.c(286): warning:  #177-D: variable "y" was declared but never referenced
  	uint8_t Len,y=0;
sourcecode\QuanProcessCMD.c(319): warning:  #223-D: function "USARTMTK_to_UART2_long" declared implicitly
  	USARTMTK_to_UART2_long(AT_TransparentTemp,Len+2);
sourcecode\QuanProcessCMD.c(320): warning:  #940-D: missing return statement at end of non-void function "processATT2"
  }
sourcecode\QuanProcessCMD.c(310): warning:  #177-D: variable "y" was declared but never referenced
  	uint8_t Len,y=0;
sourcecode\QuanProcessCMD.c(338): warning:  #940-D: missing return statement at end of non-void function "processoBuzzer"
  }
sourcecode\QuanProcessCMD.c(324): warning:  #177-D: variable "y" was declared but never referenced
  		uint8_t Len,y=0;
sourcecode\QuanProcessCMD.c(361): warning:  #940-D: missing return statement at end of non-void function "processLed"
  }
sourcecode\QuanProcessCMD.c: 20 warnings, 0 errors
compiling QUart.c...
sourcecode\QUart.c(449): warning:  #1-D: last line of file ends without a newline
  }
sourcecode\QUart.c: 1 warning, 0 errors
compiling main.c...
..\main.c(225): warning:  #9-D: nested comment is not allowed
    /* -----------------------------------------------------------------------
..\main.c: 1 warning, 0 errors
compiling misc.c...
compiling stm32f10x_exti.c...
compiling stm32f10x_rcc.c...
compiling stm32f10x_gpio.c...
compiling stm32f10x_spi.c...
compiling stm32f10x_usart.c...
compiling stm32f10x_fsmc.c...
compiling stm32f10x_dma.c...
compiling stm32f10x_bkp.c...
compiling stm32f10x_sdio.c...
compiling stm32f10x_cec.c...
compiling stm32f10x_i2c.c...
compiling stm32f10x_adc.c...
compiling stm32f10x_can.c...
compiling stm32f10x_crc.c...
compiling stm32f10x_dbgmcu.c...
compiling stm32f10x_iwdg.c...
compiling stm32f10x_dac.c...
compiling stm32f10x_pwr.c...
compiling stm32f10x_rtc.c...
compiling stm32f10x_flash.c...
compiling core_cm3.c...
compiling system_stm32f10x.c...
compiling stm32f10x_wwdg.c...
compiling stm32_eval.c...
compiling stm32f10x_tim.c...
compiling stm32_eval_i2c_tsensor.c...
compiling stm32_eval_spi_flash.c...
compiling stm32_eval_sdio_sd.c...
assembling startup_stm32f10x_xl.s...
compiling stm3210e_eval_fsmc_sram.c...
compiling stm3210e_eval_fsmc_nand.c...
compiling stm3210e_eval_fsmc_nor.c...
compiling stm3210e_eval_lcd.c...
linking...
Program Size: Code=5428 RO-data=516 RW-data=184 ZI-data=2144  
".\STM3210E-EVAL_XL\STM3210E-EVAL_XL.axf" - 0 Error(s), 24 Warning(s).
Build Time Elapsed:  00:00:05
</pre>
</body>
</html>
