Product: MDK-ARM Lite 5.10
Component: ARM Compiler 5.04 update 1 (build 49)
Tool: armlink [5040049]

==============================================================================

Section Cross References

    stm32f10x_it.o(i.EXTI4_IRQHandler) refers to stm32f10x_exti.o(i.EXTI_ClearITPendingBit) for EXTI_ClearITPendingBit
    stm32f10x_it.o(i.EXTI4_IRQHandler) refers to main.o(.data) for gKeyTimer
    stm32f10x_it.o(i.EXTI9_5_IRQHandler) refers to stm32f10x_exti.o(i.EXTI_ClearITPendingBit) for EXTI_ClearITPendingBit
    stm32f10x_it.o(i.SysTick_Handler) refers to main.o(i.Tick_Timer) for Tick_Timer
    main.o(i.GPIO_Configuration) refers to stm32f10x_gpio.o(i.GPIO_Init) for GPIO_Init
    main.o(i.NVIC_Configuration) refers to misc.o(i.NVIC_PriorityGroupConfig) for NVIC_PriorityGroupConfig
    main.o(i.NVIC_Configuration) refers to misc.o(i.NVIC_Init) for NVIC_Init
    main.o(i.RCC_Configuration) refers to stm32f10x_rcc.o(i.RCC_APB2PeriphClockCmd) for RCC_APB2PeriphClockCmd
    main.o(i.RCC_Configuration) refers to stm32f10x_rcc.o(i.RCC_APB1PeriphClockCmd) for RCC_APB1PeriphClockCmd
    main.o(i.Tick_Timer) refers to qgpio.o(i.Gpio_On) for Gpio_On
    main.o(i.Tick_Timer) refers to stm32f10x_gpio.o(i.GPIO_ReadInputDataBit) for GPIO_ReadInputDataBit
    main.o(i.Tick_Timer) refers to qevent_handler.o(i.sendEvent) for sendEvent
    main.o(i.Tick_Timer) refers to stm32_eval.o(i.STM_EVAL_LEDToggle) for STM_EVAL_LEDToggle
    main.o(i.Tick_Timer) refers to stm32_eval.o(i.STM_EVAL_LEDOff) for STM_EVAL_LEDOff
    main.o(i.Tick_Timer) refers to stm32f10x_tim.o(i.TIM_Cmd) for TIM_Cmd
    main.o(i.Tick_Timer) refers to stm32f10x_tim.o(i.TIM_CtrlPWMOutputs) for TIM_CtrlPWMOutputs
    main.o(i.Tick_Timer) refers to stm32_eval.o(i.STM_EVAL_LEDOn) for STM_EVAL_LEDOn
    main.o(i.Tick_Timer) refers to stm32f10x_usart.o(i.USART_GetFlagStatus) for USART_GetFlagStatus
    main.o(i.Tick_Timer) refers to qgpio.o(i.Gpio_Off) for Gpio_Off
    main.o(i.Tick_Timer) refers to main.o(i.SysTick_Config) for SysTick_Config
    main.o(i.Tick_Timer) refers to main.o(.data) for gKeyTimer
    main.o(i.Tick_Timer) refers to quart.o(.data) for gTurn485ReceiveMode
    main.o(i.Tick_Timer) refers to system_stm32f10x.o(.data) for SystemCoreClock
    main.o(i.fputc) refers to stm32f10x_usart.o(i.USART_SendData) for USART_SendData
    main.o(i.fputc) refers to stm32f10x_usart.o(i.USART_GetFlagStatus) for USART_GetFlagStatus
    main.o(i.main) refers to main.o(i.RCC_Configuration) for RCC_Configuration
    main.o(i.main) refers to stm32f10x_rcc.o(i.RCC_GetClocksFreq) for RCC_GetClocksFreq
    main.o(i.main) refers to main.o(i.NVIC_Configuration) for NVIC_Configuration
    main.o(i.main) refers to main.o(i.GPIO_Configuration) for GPIO_Configuration
    main.o(i.main) refers to stm32_eval.o(i.STM_EVAL_LEDInit) for STM_EVAL_LEDInit
    main.o(i.main) refers to qgpio.o(i.Gpio_init) for Gpio_init
    main.o(i.main) refers to qgpio.o(i.Gpio_Off) for Gpio_Off
    main.o(i.main) refers to stm32_eval.o(i.STM_EVAL_LEDOff) for STM_EVAL_LEDOff
    main.o(i.main) refers to qkey.o(i.key_init) for key_init
    main.o(i.main) refers to stm32f10x_usart.o(i.USART_Init) for USART_Init
    main.o(i.main) refers to stm32f10x_usart.o(i.USART_ITConfig) for USART_ITConfig
    main.o(i.main) refers to stm32f10x_usart.o(i.USART_Cmd) for USART_Cmd
    main.o(i.main) refers to quanprocesscmd.o(i.initCommands) for initCommands
    main.o(i.main) refers to stm32f10x_rcc.o(i.RCC_APB1PeriphClockCmd) for RCC_APB1PeriphClockCmd
    main.o(i.main) refers to stm32f10x_wwdg.o(i.WWDG_SetPrescaler) for WWDG_SetPrescaler
    main.o(i.main) refers to stm32f10x_wwdg.o(i.WWDG_SetWindowValue) for WWDG_SetWindowValue
    main.o(i.main) refers to stm32f10x_wwdg.o(i.WWDG_Enable) for WWDG_Enable
    main.o(i.main) refers to main.o(i.SysTick_Config) for SysTick_Config
    main.o(i.main) refers to stm32f10x_wwdg.o(i.WWDG_SetCounter) for WWDG_SetCounter
    main.o(i.main) refers to quanprocesscmd.o(i.Rx3ProcessCMD) for Rx3ProcessCMD
    main.o(i.main) refers to quanprocesscmd.o(i.Rx5ProcessCMD) for Rx5ProcessCMD
    main.o(i.main) refers to quanprocesscmd.o(i.Rx2ProcessCMD) for Rx2ProcessCMD
    main.o(i.main) refers to qevent_handler.o(i.handleEvent) for handleEvent
    main.o(i.main) refers to main.o(.bss) for RCC_Clocks
    main.o(i.main) refers to quart.o(.bss) for USART_InitStructure
    main.o(i.main) refers to system_stm32f10x.o(.data) for SystemCoreClock
    quart.o(i.UART2_to_USARTMTK_long) refers to stm32f10x_usart.o(i.USART_ITConfig) for USART_ITConfig
    quart.o(i.UART2_to_USARTMTK_long) refers to quart.o(.data) for TxHead5
    quart.o(i.UART2_to_USARTMTK_long) refers to quart.o(.bss) for TxBuffer_MTK
    quart.o(i.UART4_IRQHandler) refers to stm32f10x_usart.o(i.USART_GetFlagStatus) for USART_GetFlagStatus
    quart.o(i.UART4_IRQHandler) refers to stm32f10x_usart.o(i.USART_GetITStatus) for USART_GetITStatus
[...]
    Removing stm32f10x_sdio.o(i.SDIO_GetFlagStatus), (24 bytes).
    Removing stm32f10x_sdio.o(i.SDIO_GetITStatus), (24 bytes).
    Removing stm32f10x_sdio.o(i.SDIO_GetPowerState), (16 bytes).
    Removing stm32f10x_sdio.o(i.SDIO_GetResponse), (24 bytes).
    Removing stm32f10x_sdio.o(i.SDIO_ITConfig), (32 bytes).
    Removing stm32f10x_sdio.o(i.SDIO_Init), (48 bytes).
    Removing stm32f10x_sdio.o(i.SDIO_ReadData), (12 bytes).
    Removing stm32f10x_sdio.o(i.SDIO_SendCEATACmd), (12 bytes).
    Removing stm32f10x_sdio.o(i.SDIO_SendCommand), (44 bytes).
    Removing stm32f10x_sdio.o(i.SDIO_SendSDIOSuspendCmd), (12 bytes).
    Removing stm32f10x_sdio.o(i.SDIO_SetPowerState), (28 bytes).
    Removing stm32f10x_sdio.o(i.SDIO_SetSDIOOperation), (12 bytes).
    Removing stm32f10x_sdio.o(i.SDIO_SetSDIOReadWaitMode), (12 bytes).
    Removing stm32f10x_sdio.o(i.SDIO_StartSDIOReadWait), (12 bytes).
    Removing stm32f10x_sdio.o(i.SDIO_StopSDIOReadWait), (12 bytes).
    Removing stm32f10x_sdio.o(i.SDIO_StructInit), (16 bytes).
    Removing stm32f10x_sdio.o(i.SDIO_WriteData), (12 bytes).
    Removing stm32f10x_dma.o(i.DMA_ClearFlag), (28 bytes).
    Removing stm32f10x_dma.o(i.DMA_ClearITPendingBit), (28 bytes).
    Removing stm32f10x_dma.o(i.DMA_Cmd), (24 bytes).
    Removing stm32f10x_dma.o(i.DMA_DeInit), (332 bytes).
    Removing stm32f10x_dma.o(i.DMA_GetCurrDataCounter), (8 bytes).
    Removing stm32f10x_dma.o(i.DMA_GetFlagStatus), (44 bytes).
    Removing stm32f10x_dma.o(i.DMA_GetITStatus), (44 bytes).
    Removing stm32f10x_dma.o(i.DMA_ITConfig), (18 bytes).
    Removing stm32f10x_dma.o(i.DMA_Init), (60 bytes).
    Removing stm32f10x_dma.o(i.DMA_SetCurrDataCounter), (4 bytes).
    Removing stm32f10x_dma.o(i.DMA_StructInit), (26 bytes).
    Removing stm32f10x_i2c.o(i.I2C_ARPCmd), (24 bytes).
    Removing stm32f10x_i2c.o(i.I2C_AcknowledgeConfig), (24 bytes).
    Removing stm32f10x_i2c.o(i.I2C_CalculatePEC), (24 bytes).
    Removing stm32f10x_i2c.o(i.I2C_CheckEvent), (42 bytes).
    Removing stm32f10x_i2c.o(i.I2C_ClearFlag), (12 bytes).
    Removing stm32f10x_i2c.o(i.I2C_ClearITPendingBit), (12 bytes).
    Removing stm32f10x_i2c.o(i.I2C_Cmd), (24 bytes).
    Removing stm32f10x_i2c.o(i.I2C_DMACmd), (24 bytes).
    Removing stm32f10x_i2c.o(i.I2C_DMALastTransferCmd), (24 bytes).
    Removing stm32f10x_i2c.o(i.I2C_DeInit), (56 bytes).
    Removing stm32f10x_i2c.o(i.I2C_DualAddressCmd), (24 bytes).
    Removing stm32f10x_i2c.o(i.I2C_FastModeDutyCycleConfig), (28 bytes).
    Removing stm32f10x_i2c.o(i.I2C_GeneralCallCmd), (24 bytes).
    Removing stm32f10x_i2c.o(i.I2C_GenerateSTART), (24 bytes).
    Removing stm32f10x_i2c.o(i.I2C_GenerateSTOP), (24 bytes).
    Removing stm32f10x_i2c.o(i.I2C_GetFlagStatus), (58 bytes).
    Removing stm32f10x_i2c.o(i.I2C_GetITStatus), (38 bytes).
    Removing stm32f10x_i2c.o(i.I2C_GetLastEvent), (26 bytes).
    Removing stm32f10x_i2c.o(i.I2C_GetPEC), (8 bytes).
    Removing stm32f10x_i2c.o(i.I2C_ITConfig), (18 bytes).
    Removing stm32f10x_i2c.o(i.I2C_Init), (236 bytes).
    Removing stm32f10x_i2c.o(i.I2C_NACKPositionConfig), (28 bytes).
    Removing stm32f10x_i2c.o(i.I2C_OwnAddress2Config), (22 bytes).
    Removing stm32f10x_i2c.o(i.I2C_PECPositionConfig), (28 bytes).
    Removing stm32f10x_i2c.o(i.I2C_ReadRegister), (22 bytes).
    Removing stm32f10x_i2c.o(i.I2C_ReceiveData), (8 bytes).
    Removing stm32f10x_i2c.o(i.I2C_SMBusAlertConfig), (28 bytes).
    Removing stm32f10x_i2c.o(i.I2C_Send7bitAddress), (18 bytes).
    Removing stm32f10x_i2c.o(i.I2C_SendData), (4 bytes).
    Removing stm32f10x_i2c.o(i.I2C_SoftwareResetCmd), (22 bytes).
    Removing stm32f10x_i2c.o(i.I2C_StretchClockCmd), (24 bytes).
    Removing stm32f10x_i2c.o(i.I2C_StructInit), (30 bytes).
    Removing stm32f10x_i2c.o(i.I2C_TransmitPEC), (24 bytes).
    Removing stm32f10x_adc.o(i.ADC_AnalogWatchdogCmd), (20 bytes).
    Removing stm32f10x_adc.o(i.ADC_AnalogWatchdogSingleChannelConfig), (16 bytes).
    Removing stm32f10x_adc.o(i.ADC_AnalogWatchdogThresholdsConfig), (6 bytes).
    Removing stm32f10x_adc.o(i.ADC_AutoInjectedConvCmd), (22 bytes).
    Removing stm32f10x_adc.o(i.ADC_ClearFlag), (6 bytes).
    Removing stm32f10x_adc.o(i.ADC_ClearITPendingBit), (10 bytes).
    Removing stm32f10x_adc.o(i.ADC_Cmd), (22 bytes).
    Removing stm32f10x_adc.o(i.ADC_DMACmd), (22 bytes).
    Removing stm32f10x_adc.o(i.ADC_DeInit), (92 bytes).
    Removing stm32f10x_adc.o(i.ADC_DiscModeChannelCountConfig), (24 bytes).
    Removing stm32f10x_adc.o(i.ADC_DiscModeCmd), (22 bytes).
    Removing stm32f10x_adc.o(i.ADC_ExternalTrigConvCmd), (22 bytes).
    Removing stm32f10x_adc.o(i.ADC_ExternalTrigInjectedConvCmd), (22 bytes).
    Removing stm32f10x_adc.o(i.ADC_ExternalTrigInjectedConvConfig), (16 bytes).
    Removing stm32f10x_adc.o(i.ADC_GetCalibrationStatus), (20 bytes).
    Removing stm32f10x_adc.o(i.ADC_GetConversionValue), (8 bytes).
    Removing stm32f10x_adc.o(i.ADC_GetDualModeConversionValue), (12 bytes).
    Removing stm32f10x_adc.o(i.ADC_GetFlagStatus), (18 bytes).
    Removing stm32f10x_adc.o(i.ADC_GetITStatus), (36 bytes).
    Removing stm32f10x_adc.o(i.ADC_GetInjectedConversionValue), (28 bytes).
    Removing stm32f10x_adc.o(i.ADC_GetResetCalibrationStatus), (20 bytes).
    Removing stm32f10x_adc.o(i.ADC_GetSoftwareStartConvStatus), (20 bytes).
    Removing stm32f10x_adc.o(i.ADC_GetSoftwareStartInjectedConvCmdStatus), (20 bytes).
    Removing stm32f10x_adc.o(i.ADC_ITConfig), (24 bytes).
    Removing stm32f10x_adc.o(i.ADC_Init), (80 bytes).
    Removing stm32f10x_adc.o(i.ADC_InjectedChannelConfig), (130 bytes).
    Removing stm32f10x_adc.o(i.ADC_InjectedDiscModeCmd), (22 bytes).
    Removing stm32f10x_adc.o(i.ADC_InjectedSequencerLengthConfig), (24 bytes).
    Removing stm32f10x_adc.o(i.ADC_RegularChannelConfig), (184 bytes).
    Removing stm32f10x_adc.o(i.ADC_ResetCalibration), (10 bytes).
    Removing stm32f10x_adc.o(i.ADC_SetInjectedOffset), (20 bytes).
    Removing stm32f10x_adc.o(i.ADC_SoftwareStartConvCmd), (22 bytes).
    Removing stm32f10x_adc.o(i.ADC_SoftwareStartInjectedConvCmd), (22 bytes).
    Removing stm32f10x_adc.o(i.ADC_StartCalibration), (10 bytes).
    Removing stm32f10x_adc.o(i.ADC_StructInit), (18 bytes).
    Removing stm32f10x_adc.o(i.ADC_TempSensorVrefintCmd), (36 bytes).
    Removing stm32f10x_bkp.o(i.BKP_ClearFlag), (20 bytes).
    Removing stm32f10x_bkp.o(i.BKP_ClearITPendingBit), (20 bytes).
    Removing stm32f10x_bkp.o(i.BKP_DeInit), (16 bytes).
    Removing stm32f10x_bkp.o(i.BKP_GetFlagStatus), (12 bytes).
    Removing stm32f10x_bkp.o(i.BKP_GetITStatus), (12 bytes).
    Removing stm32f10x_bkp.o(i.BKP_ITConfig), (12 bytes).
    Removing stm32f10x_bkp.o(i.BKP_RTCOutputConfig), (28 bytes).
    Removing stm32f10x_bkp.o(i.BKP_ReadBackupRegister), (28 bytes).
    Removing stm32f10x_bkp.o(i.BKP_SetRTCCalibrationValue), (28 bytes).
    Removing stm32f10x_bkp.o(i.BKP_TamperPinCmd), (12 bytes).
    Removing stm32f10x_bkp.o(i.BKP_TamperPinLevelConfig), (12 bytes).
    Removing stm32f10x_bkp.o(i.BKP_WriteBackupRegister), (28 bytes).
    Removing stm32f10x_can.o(i.CAN_CancelTransmit), (48 bytes).
    Removing stm32f10x_can.o(i.CAN_ClearFlag), (56 bytes).
    Removing stm32f10x_can.o(i.CAN_ClearITPendingBit), (168 bytes).
    Removing stm32f10x_can.o(i.CAN_DBGFreeze), (22 bytes).
    Removing stm32f10x_can.o(i.CAN_DeInit), (56 bytes).
    Removing stm32f10x_can.o(i.CAN_FIFORelease), (22 bytes).
    Removing stm32f10x_can.o(i.CAN_FilterInit), (264 bytes).
    Removing stm32f10x_can.o(i.CAN_GetFlagStatus), (120 bytes).
    Removing stm32f10x_can.o(i.CAN_GetITStatus), (288 bytes).
    Removing stm32f10x_can.o(i.CAN_GetLSBTransmitErrorCounter), (12 bytes).
    Removing stm32f10x_can.o(i.CAN_GetLastErrorCode), (12 bytes).
    Removing stm32f10x_can.o(i.CAN_GetReceiveErrorCounter), (10 bytes).
    Removing stm32f10x_can.o(i.CAN_ITConfig), (18 bytes).
    Removing stm32f10x_can.o(i.CAN_Init), (276 bytes).
    Removing stm32f10x_can.o(i.CAN_MessagePending), (30 bytes).
    Removing stm32f10x_can.o(i.CAN_OperatingModeRequest), (162 bytes).
    Removing stm32f10x_can.o(i.CAN_Receive), (240 bytes).
    Removing stm32f10x_can.o(i.CAN_SlaveStartBank), (52 bytes).
    Removing stm32f10x_can.o(i.CAN_Sleep), (30 bytes).
    Removing stm32f10x_can.o(i.CAN_StructInit), (32 bytes).
    Removing stm32f10x_can.o(i.CAN_TTComModeCmd), (118 bytes).
    Removing stm32f10x_can.o(i.CAN_Transmit), (294 bytes).
    Removing stm32f10x_can.o(i.CAN_TransmitStatus), (160 bytes).
    Removing stm32f10x_can.o(i.CAN_WakeUp), (48 bytes).
    Removing stm32f10x_can.o(i.CheckITStatus), (18 bytes).
    Removing stm32f10x_cec.o(i.CEC_ClearFlag), (36 bytes).
    Removing stm32f10x_cec.o(i.CEC_ClearITPendingBit), (36 bytes).
    Removing stm32f10x_cec.o(i.CEC_Cmd), (32 bytes).
    Removing stm32f10x_cec.o(i.CEC_DeInit), (22 bytes).
    Removing stm32f10x_cec.o(i.CEC_EndOfMessageCmd), (12 bytes).
    Removing stm32f10x_cec.o(i.CEC_GetFlagStatus), (48 bytes).
    Removing stm32f10x_cec.o(i.CEC_GetITStatus), (40 bytes).
    Removing stm32f10x_cec.o(i.CEC_ITConfig), (12 bytes).
    Removing stm32f10x_cec.o(i.CEC_Init), (32 bytes).
    Removing stm32f10x_cec.o(i.CEC_OwnAddressConfig), (12 bytes).
    Removing stm32f10x_cec.o(i.CEC_ReceiveDataByte), (12 bytes).
    Removing stm32f10x_cec.o(i.CEC_SendDataByte), (12 bytes).
    Removing stm32f10x_cec.o(i.CEC_SetPrescaler), (12 bytes).
    Removing stm32f10x_cec.o(i.CEC_StartOfMessage), (12 bytes).
    Removing stm32f10x_crc.o(i.CRC_CalcBlockCRC), (36 bytes).
    Removing stm32f10x_crc.o(i.CRC_CalcCRC), (16 bytes).
    Removing stm32f10x_crc.o(i.CRC_GetCRC), (12 bytes).
    Removing stm32f10x_crc.o(i.CRC_GetIDRegister), (12 bytes).
    Removing stm32f10x_crc.o(i.CRC_ResetDR), (12 bytes).
    Removing stm32f10x_crc.o(i.CRC_SetIDRegister), (12 bytes).
    Removing stm32f10x_dac.o(i.DAC_ClearFlag), (16 bytes).
    Removing stm32f10x_dac.o(i.DAC_ClearITPendingBit), (16 bytes).
    Removing stm32f10x_dac.o(i.DAC_Cmd), (40 bytes).
    Removing stm32f10x_dac.o(i.DAC_DMACmd), (44 bytes).
    Removing stm32f10x_dac.o(i.DAC_DeInit), (22 bytes).
    Removing stm32f10x_dac.o(i.DAC_DualSoftwareTriggerCmd), (36 bytes).
    Removing stm32f10x_dac.o(i.DAC_GetDataOutputValue), (36 bytes).
    Removing stm32f10x_dac.o(i.DAC_GetFlagStatus), (32 bytes).
    Removing stm32f10x_dac.o(i.DAC_GetITStatus), (48 bytes).
    Removing stm32f10x_dac.o(i.DAC_ITConfig), (40 bytes).
    Removing stm32f10x_dac.o(i.DAC_Init), (52 bytes).
    Removing stm32f10x_dac.o(i.DAC_SetChannel1Data), (32 bytes).
    Removing stm32f10x_dac.o(i.DAC_SetChannel2Data), (32 bytes).
    Removing stm32f10x_dac.o(i.DAC_SetDualChannelData), (36 bytes).
    Removing stm32f10x_dac.o(i.DAC_SoftwareTriggerCmd), (44 bytes).
    Removing stm32f10x_dac.o(i.DAC_StructInit), (12 bytes).
    Removing stm32f10x_dac.o(i.DAC_WaveGenerationCmd), (40 bytes).
    Removing stm32f10x_dbgmcu.o(i.DBGMCU_Config), (32 bytes).
    Removing stm32f10x_dbgmcu.o(i.DBGMCU_GetDEVID), (16 bytes).
    Removing stm32f10x_dbgmcu.o(i.DBGMCU_GetREVID), (12 bytes).
    Removing stm32f10x_flash.o(i.FLASH_ClearFlag), (12 bytes).
    Removing stm32f10x_flash.o(i.FLASH_EnableWriteProtection), (196 bytes).
    Removing stm32f10x_flash.o(i.FLASH_EraseAllBank1Pages), (72 bytes).
    Removing stm32f10x_flash.o(i.FLASH_EraseAllPages), (72 bytes).
    Removing stm32f10x_flash.o(i.FLASH_EraseOptionBytes), (168 bytes).
    Removing stm32f10x_flash.o(i.FLASH_ErasePage), (76 bytes).
    Removing stm32f10x_flash.o(i.FLASH_GetBank1Status), (52 bytes).
    Removing stm32f10x_flash.o(i.FLASH_GetFlagStatus), (48 bytes).
    Removing stm32f10x_flash.o(i.FLASH_GetPrefetchBufferStatus), (24 bytes).
    Removing stm32f10x_flash.o(i.FLASH_GetReadOutProtectionStatus), (24 bytes).
    Removing stm32f10x_flash.o(i.FLASH_GetStatus), (52 bytes).
    Removing stm32f10x_flash.o(i.FLASH_GetUserOptionByte), (12 bytes).
    Removing stm32f10x_flash.o(i.FLASH_GetWriteProtectionOptionByte), (12 bytes).
    Removing stm32f10x_flash.o(i.FLASH_HalfCycleAccessCmd), (28 bytes).
    Removing stm32f10x_flash.o(i.FLASH_ITConfig), (32 bytes).
    Removing stm32f10x_flash.o(i.FLASH_Lock), (20 bytes).
    Removing stm32f10x_flash.o(i.FLASH_LockBank1), (20 bytes).
    Removing stm32f10x_flash.o(i.FLASH_PrefetchBufferCmd), (28 bytes).
    Removing stm32f10x_flash.o(i.FLASH_ProgramHalfWord), (64 bytes).
    Removing stm32f10x_flash.o(i.FLASH_ProgramOptionByteData), (84 bytes).
    Removing stm32f10x_flash.o(i.FLASH_ProgramWord), (108 bytes).
    Removing stm32f10x_flash.o(i.FLASH_ReadOutProtection), (172 bytes).
    Removing stm32f10x_flash.o(i.FLASH_SetLatency), (24 bytes).
    Removing stm32f10x_flash.o(i.FLASH_Unlock), (24 bytes).
    Removing stm32f10x_flash.o(i.FLASH_UnlockBank1), (24 bytes).
    Removing stm32f10x_flash.o(i.FLASH_UserOptionByteConfig), (104 bytes).
    Removing stm32f10x_flash.o(i.FLASH_WaitForLastBank1Operation), (38 bytes).
    Removing stm32f10x_flash.o(i.FLASH_WaitForLastOperation), (38 bytes).
    Removing stm32f10x_iwdg.o(i.IWDG_Enable), (16 bytes).
    Removing stm32f10x_iwdg.o(i.IWDG_GetFlagStatus), (24 bytes).
    Removing stm32f10x_iwdg.o(i.IWDG_ReloadCounter), (16 bytes).
    Removing stm32f10x_iwdg.o(i.IWDG_SetPrescaler), (12 bytes).
    Removing stm32f10x_iwdg.o(i.IWDG_SetReload), (12 bytes).
    Removing stm32f10x_iwdg.o(i.IWDG_WriteAccessCmd), (12 bytes).
    Removing stm32f10x_pwr.o(i.PWR_BackupAccessCmd), (12 bytes).
    Removing stm32f10x_pwr.o(i.PWR_ClearFlag), (20 bytes).
    Removing stm32f10x_pwr.o(i.PWR_DeInit), (22 bytes).
    Removing stm32f10x_pwr.o(i.PWR_EnterSTANDBYMode), (52 bytes).
    Removing stm32f10x_pwr.o(i.PWR_EnterSTOPMode), (64 bytes).
    Removing stm32f10x_pwr.o(i.PWR_GetFlagStatus), (24 bytes).
    Removing stm32f10x_pwr.o(i.PWR_PVDCmd), (12 bytes).
    Removing stm32f10x_pwr.o(i.PWR_PVDLevelConfig), (24 bytes).
    Removing stm32f10x_pwr.o(i.PWR_WakeUpPinCmd), (12 bytes).
    Removing stm32f10x_rtc.o(i.RTC_ClearFlag), (16 bytes).
    Removing stm32f10x_rtc.o(i.RTC_ClearITPendingBit), (16 bytes).
    Removing stm32f10x_rtc.o(i.RTC_EnterConfigMode), (20 bytes).
    Removing stm32f10x_rtc.o(i.RTC_ExitConfigMode), (20 bytes).
    Removing stm32f10x_rtc.o(i.RTC_GetCounter), (20 bytes).
    Removing stm32f10x_rtc.o(i.RTC_GetDivider), (24 bytes).
    Removing stm32f10x_rtc.o(i.RTC_GetFlagStatus), (24 bytes).
    Removing stm32f10x_rtc.o(i.RTC_GetITStatus), (36 bytes).
    Removing stm32f10x_rtc.o(i.RTC_ITConfig), (32 bytes).
    Removing stm32f10x_rtc.o(i.RTC_SetAlarm), (28 bytes).
    Removing stm32f10x_rtc.o(i.RTC_SetCounter), (28 bytes).
    Removing stm32f10x_rtc.o(i.RTC_SetPrescaler), (32 bytes).
    Removing stm32f10x_rtc.o(i.RTC_WaitForLastTask), (20 bytes).
    Removing stm32f10x_rtc.o(i.RTC_WaitForSynchro), (36 bytes).
    Removing stm32f10x_tim.o(i.TI1_Config), (128 bytes).
    Removing stm32f10x_tim.o(i.TI2_Config), (152 bytes).
    Removing stm32f10x_tim.o(i.TI3_Config), (144 bytes).
    Removing stm32f10x_tim.o(i.TI4_Config), (152 bytes).
    Removing stm32f10x_tim.o(i.TIM_ARRPreloadConfig), (24 bytes).
    Removing stm32f10x_tim.o(i.TIM_BDTRConfig), (32 bytes).
    Removing stm32f10x_tim.o(i.TIM_BDTRStructInit), (18 bytes).
    Removing stm32f10x_tim.o(i.TIM_CCPreloadControl), (24 bytes).
    Removing stm32f10x_tim.o(i.TIM_CCxCmd), (30 bytes).
    Removing stm32f10x_tim.o(i.TIM_CCxNCmd), (30 bytes).
    Removing stm32f10x_tim.o(i.TIM_ClearFlag), (6 bytes).
    Removing stm32f10x_tim.o(i.TIM_ClearITPendingBit), (6 bytes).
    Removing stm32f10x_tim.o(i.TIM_ClearOC1Ref), (18 bytes).
    Removing stm32f10x_tim.o(i.TIM_ClearOC2Ref), (24 bytes).
    Removing stm32f10x_tim.o(i.TIM_ClearOC3Ref), (18 bytes).
    Removing stm32f10x_tim.o(i.TIM_ClearOC4Ref), (24 bytes).
    Removing stm32f10x_tim.o(i.TIM_CounterModeConfig), (18 bytes).
    Removing stm32f10x_tim.o(i.TIM_DMACmd), (18 bytes).
    Removing stm32f10x_tim.o(i.TIM_DMAConfig), (10 bytes).
    Removing stm32f10x_tim.o(i.TIM_DeInit), (488 bytes).
    Removing stm32f10x_tim.o(i.TIM_ETRClockMode1Config), (54 bytes).
    Removing stm32f10x_tim.o(i.TIM_ETRClockMode2Config), (32 bytes).
    Removing stm32f10x_tim.o(i.TIM_ETRConfig), (28 bytes).
    Removing stm32f10x_tim.o(i.TIM_EncoderInterfaceConfig), (66 bytes).
    Removing stm32f10x_tim.o(i.TIM_ForcedOC1Config), (18 bytes).
    Removing stm32f10x_tim.o(i.TIM_ForcedOC2Config), (26 bytes).
    Removing stm32f10x_tim.o(i.TIM_ForcedOC3Config), (18 bytes).
    Removing stm32f10x_tim.o(i.TIM_ForcedOC4Config), (26 bytes).
    Removing stm32f10x_tim.o(i.TIM_GenerateEvent), (4 bytes).
    Removing stm32f10x_tim.o(i.TIM_GetCapture1), (6 bytes).
    Removing stm32f10x_tim.o(i.TIM_GetCapture2), (6 bytes).
    Removing stm32f10x_tim.o(i.TIM_GetCapture3), (6 bytes).
    Removing stm32f10x_tim.o(i.TIM_GetCapture4), (8 bytes).
    Removing stm32f10x_tim.o(i.TIM_GetCounter), (6 bytes).
    Removing stm32f10x_tim.o(i.TIM_GetFlagStatus), (18 bytes).
    Removing stm32f10x_tim.o(i.TIM_GetITStatus), (34 bytes).
    Removing stm32f10x_tim.o(i.TIM_GetPrescaler), (6 bytes).
    Removing stm32f10x_tim.o(i.TIM_ICInit), (172 bytes).
    Removing stm32f10x_tim.o(i.TIM_ICStructInit), (18 bytes).
    Removing stm32f10x_tim.o(i.TIM_ITConfig), (18 bytes).
    Removing stm32f10x_tim.o(i.TIM_ITRxExternalClockConfig), (24 bytes).
    Removing stm32f10x_tim.o(i.TIM_InternalClockConfig), (12 bytes).
    Removing stm32f10x_tim.o(i.TIM_OC1FastConfig), (18 bytes).
    Removing stm32f10x_tim.o(i.TIM_OC1Init), (152 bytes).
    Removing stm32f10x_tim.o(i.TIM_OC1NPolarityConfig), (18 bytes).
    Removing stm32f10x_tim.o(i.TIM_OC1PolarityConfig), (18 bytes).
    Removing stm32f10x_tim.o(i.TIM_OC1PreloadConfig), (18 bytes).
    Removing stm32f10x_tim.o(i.TIM_OC2FastConfig), (26 bytes).
    Removing stm32f10x_tim.o(i.TIM_OC2Init), (164 bytes).
    Removing stm32f10x_tim.o(i.TIM_OC2NPolarityConfig), (26 bytes).
    Removing stm32f10x_tim.o(i.TIM_OC2PolarityConfig), (26 bytes).
    Removing stm32f10x_tim.o(i.TIM_OC2PreloadConfig), (26 bytes).
    Removing stm32f10x_tim.o(i.TIM_OC3FastConfig), (18 bytes).
    Removing stm32f10x_tim.o(i.TIM_OC3Init), (160 bytes).
    Removing stm32f10x_tim.o(i.TIM_OC3NPolarityConfig), (26 bytes).
    Removing stm32f10x_tim.o(i.TIM_OC3PolarityConfig), (26 bytes).
    Removing stm32f10x_tim.o(i.TIM_OC3PreloadConfig), (18 bytes).
    Removing stm32f10x_tim.o(i.TIM_OC4FastConfig), (26 bytes).
    Removing stm32f10x_tim.o(i.TIM_OC4Init), (124 bytes).
    Removing stm32f10x_tim.o(i.TIM_OC4PolarityConfig), (26 bytes).
    Removing stm32f10x_tim.o(i.TIM_OC4PreloadConfig), (26 bytes).
    Removing stm32f10x_tim.o(i.TIM_OCStructInit), (20 bytes).
    Removing stm32f10x_tim.o(i.TIM_PWMIConfig), (124 bytes).
    Removing stm32f10x_tim.o(i.TIM_PrescalerConfig), (6 bytes).
    Removing stm32f10x_tim.o(i.TIM_SelectCCDMA), (24 bytes).
    Removing stm32f10x_tim.o(i.TIM_SelectCOM), (24 bytes).
    Removing stm32f10x_tim.o(i.TIM_SelectHallSensor), (24 bytes).
    Removing stm32f10x_tim.o(i.TIM_SelectInputTrigger), (18 bytes).
    Removing stm32f10x_tim.o(i.TIM_SelectMasterSlaveMode), (18 bytes).
    Removing stm32f10x_tim.o(i.TIM_SelectOCxM), (82 bytes).
    Removing stm32f10x_tim.o(i.TIM_SelectOnePulseMode), (18 bytes).
    Removing stm32f10x_tim.o(i.TIM_SelectOutputTrigger), (18 bytes).
    Removing stm32f10x_tim.o(i.TIM_SelectSlaveMode), (18 bytes).
    Removing stm32f10x_tim.o(i.TIM_SetAutoreload), (4 bytes).
    Removing stm32f10x_tim.o(i.TIM_SetClockDivision), (18 bytes).
    Removing stm32f10x_tim.o(i.TIM_SetCompare1), (4 bytes).
    Removing stm32f10x_tim.o(i.TIM_SetCompare2), (4 bytes).
    Removing stm32f10x_tim.o(i.TIM_SetCompare3), (4 bytes).
    Removing stm32f10x_tim.o(i.TIM_SetCompare4), (6 bytes).
    Removing stm32f10x_tim.o(i.TIM_SetCounter), (4 bytes).
    Removing stm32f10x_tim.o(i.TIM_SetIC1Prescaler), (18 bytes).
    Removing stm32f10x_tim.o(i.TIM_SetIC2Prescaler), (26 bytes).
    Removing stm32f10x_tim.o(i.TIM_SetIC3Prescaler), (18 bytes).
    Removing stm32f10x_tim.o(i.TIM_SetIC4Prescaler), (26 bytes).
    Removing stm32f10x_tim.o(i.TIM_TIxExternalClockConfig), (62 bytes).
    Removing stm32f10x_tim.o(i.TIM_TimeBaseInit), (164 bytes).
    Removing stm32f10x_tim.o(i.TIM_TimeBaseStructInit), (18 bytes).
    Removing stm32f10x_tim.o(i.TIM_UpdateDisableConfig), (24 bytes).
    Removing stm32f10x_tim.o(i.TIM_UpdateRequestConfig), (24 bytes).
    Removing stm32f10x_wwdg.o(i.WWDG_ClearFlag), (12 bytes).
    Removing stm32f10x_wwdg.o(i.WWDG_DeInit), (22 bytes).
    Removing stm32f10x_wwdg.o(i.WWDG_EnableIT), (12 bytes).
    Removing stm32f10x_wwdg.o(i.WWDG_GetFlagStatus), (12 bytes).
    Removing core_cm3.o(.emb_text), (32 bytes).
    Removing system_stm32f10x.o(i.SystemCoreClockUpdate), (164 bytes).
    Removing stm32_eval.o(i.LM75_LowLevel_DeInit), (92 bytes).
    Removing stm32_eval.o(i.LM75_LowLevel_Init), (92 bytes).
    Removing stm32_eval.o(i.SD_LowLevel_DeInit), (128 bytes).
    Removing stm32_eval.o(i.SD_LowLevel_Init), (216 bytes).
    Removing stm32_eval.o(i.STM_EVAL_COMInit), (180 bytes).
    Removing stm32_eval.o(i.STM_EVAL_PBGetState), (32 bytes).
    Removing stm32_eval.o(i.STM_EVAL_PBInit), (176 bytes).
    Removing stm32_eval.o(i.sEE_LowLevel_DMAConfig), (64 bytes).
    Removing stm32_eval.o(i.sEE_LowLevel_DeInit), (160 bytes).
    Removing stm32_eval.o(i.sEE_LowLevel_Init), (236 bytes).
    Removing stm32_eval.o(i.sFLASH_LowLevel_DeInit), (104 bytes).
    Removing stm32_eval.o(i.sFLASH_LowLevel_Init), (108 bytes).
    Removing stm32_eval.o(.bss), (44 bytes).
    Removing stm32_eval_spi_sd.o(i.SD_DeInit), (8 bytes).
    Removing stm32_eval_spi_sd.o(i.SD_Detect), (32 bytes).
    Removing stm32_eval_spi_sd.o(i.SD_GetCIDRegister), (264 bytes).
    Removing stm32_eval_spi_sd.o(i.SD_GetCSDRegister), (520 bytes).
    Removing stm32_eval_spi_sd.o(i.SD_GetCardInfo), (64 bytes).
    Removing stm32_eval_spi_sd.o(i.SD_GetDataResponse), (76 bytes).
    Removing stm32_eval_spi_sd.o(i.SD_GetResponse), (34 bytes).
    Removing stm32_eval_spi_sd.o(i.SD_GetStatus), (60 bytes).
    Removing stm32_eval_spi_sd.o(i.SD_GoIdleState), (100 bytes).
    Removing stm32_eval_spi_sd.o(i.SD_Init), (44 bytes).
    Removing stm32_eval_spi_sd.o(i.SD_ReadBlock), (104 bytes).
    Removing stm32_eval_spi_sd.o(i.SD_ReadByte), (56 bytes).
    Removing stm32_eval_spi_sd.o(i.SD_ReadMultiBlocks), (140 bytes).
    Removing stm32_eval_spi_sd.o(i.SD_SendCmd), (70 bytes).
    Removing stm32_eval_spi_sd.o(i.SD_WriteBlock), (116 bytes).
    Removing stm32_eval_spi_sd.o(i.SD_WriteByte), (56 bytes).
    Removing stm32_eval_spi_sd.o(i.SD_WriteMultiBlocks), (152 bytes).
    Removing stm32_eval_i2c_tsensor.o(i.LM75_DMA_Config), (112 bytes).
    Removing stm32_eval_i2c_tsensor.o(i.LM75_DeInit), (8 bytes).
    Removing stm32_eval_i2c_tsensor.o(i.LM75_GetStatus), (124 bytes).
    Removing stm32_eval_i2c_tsensor.o(i.LM75_Init), (88 bytes).
    Removing stm32_eval_i2c_tsensor.o(i.LM75_ReadConfReg), (428 bytes).
    Removing stm32_eval_i2c_tsensor.o(i.LM75_ReadReg), (444 bytes).
    Removing stm32_eval_i2c_tsensor.o(i.LM75_ReadTemp), (440 bytes).
    Removing stm32_eval_i2c_tsensor.o(i.LM75_ShutDown), (796 bytes).
    Removing stm32_eval_i2c_tsensor.o(i.LM75_WriteConfReg), (364 bytes).
    Removing stm32_eval_i2c_tsensor.o(i.LM75_WriteReg), (376 bytes).
    Removing stm32_eval_i2c_tsensor.o(.data), (4 bytes).
    Removing stm32_eval_spi_flash.o(i.sFLASH_DeInit), (8 bytes).
    Removing stm32_eval_spi_flash.o(i.sFLASH_EraseBulk), (40 bytes).
    Removing stm32_eval_spi_flash.o(i.sFLASH_EraseSector), (64 bytes).
    Removing stm32_eval_spi_flash.o(i.sFLASH_Init), (100 bytes).
    Removing stm32_eval_spi_flash.o(i.sFLASH_ReadBuffer), (80 bytes).
    Removing stm32_eval_spi_flash.o(i.sFLASH_ReadByte), (10 bytes).
    Removing stm32_eval_spi_flash.o(i.sFLASH_ReadID), (80 bytes).
    Removing stm32_eval_spi_flash.o(i.sFLASH_SendByte), (56 bytes).
    Removing stm32_eval_spi_flash.o(i.sFLASH_SendHalfWord), (52 bytes).
    Removing stm32_eval_spi_flash.o(i.sFLASH_StartReadSequence), (48 bytes).
    Removing stm32_eval_spi_flash.o(i.sFLASH_WaitForWriteEnd), (52 bytes).
    Removing stm32_eval_spi_flash.o(i.sFLASH_WriteBuffer), (290 bytes).
    Removing stm32_eval_spi_flash.o(i.sFLASH_WriteEnable), (32 bytes).
    Removing stm32_eval_spi_flash.o(i.sFLASH_WritePage), (88 bytes).
    Removing stm32100e_eval_lcd.o(i.LCD_Clear), (40 bytes).
    Removing stm32100e_eval_lcd.o(i.LCD_ClearLine), (52 bytes).
    Removing stm32100e_eval_lcd.o(i.LCD_ClosedPolyLine), (48 bytes).
    Removing stm32100e_eval_lcd.o(i.LCD_ClosedPolyLineRelative), (18 bytes).
    Removing stm32100e_eval_lcd.o(i.LCD_CtrlLinesConfig), (112 bytes).
    Removing stm32100e_eval_lcd.o(i.LCD_DeInit), (108 bytes).
    Removing stm32100e_eval_lcd.o(i.LCD_DisplayChar), (48 bytes).
    Removing stm32100e_eval_lcd.o(i.LCD_DisplayOff), (12 bytes).
    Removing stm32100e_eval_lcd.o(i.LCD_DisplayOn), (14 bytes).
    Removing stm32100e_eval_lcd.o(i.LCD_DisplayStringLine), (76 bytes).
    Removing stm32100e_eval_lcd.o(i.LCD_DrawChar), (172 bytes).
    Removing stm32100e_eval_lcd.o(i.LCD_DrawCircle), (256 bytes).
    Removing stm32100e_eval_lcd.o(i.LCD_DrawFullCircle), (172 bytes).
    Removing stm32100e_eval_lcd.o(i.LCD_DrawFullRect), (140 bytes).
    Removing stm32100e_eval_lcd.o(i.LCD_DrawLine), (92 bytes).
    Removing stm32100e_eval_lcd.o(i.LCD_DrawMonoPict), (84 bytes).
    Removing stm32100e_eval_lcd.o(i.LCD_DrawRect), (66 bytes).
    Removing stm32100e_eval_lcd.o(i.LCD_DrawUniLine), (286 bytes).
    Removing stm32100e_eval_lcd.o(i.LCD_FSMCConfig), (90 bytes).
    Removing stm32100e_eval_lcd.o(i.LCD_FillPolyLine), (596 bytes).
    Removing stm32100e_eval_lcd.o(i.LCD_GetColors), (24 bytes).
    Removing stm32100e_eval_lcd.o(i.LCD_GetFont), (12 bytes).
    Removing stm32100e_eval_lcd.o(i.LCD_PolyLine), (68 bytes).
    Removing stm32100e_eval_lcd.o(i.LCD_PolyLineRelative), (18 bytes).
    Removing stm32100e_eval_lcd.o(i.LCD_PolyLineRelativeClosed), (118 bytes).
    Removing stm32100e_eval_lcd.o(i.LCD_PowerOn), (118 bytes).
    Removing stm32100e_eval_lcd.o(i.LCD_ReadRAM), (14 bytes).
    Removing stm32100e_eval_lcd.o(i.LCD_ReadReg), (12 bytes).
    Removing stm32100e_eval_lcd.o(i.LCD_SetBackColor), (16 bytes).
    Removing stm32100e_eval_lcd.o(i.LCD_SetColors), (28 bytes).
    Removing stm32100e_eval_lcd.o(i.LCD_SetCursor), (24 bytes).
    Removing stm32100e_eval_lcd.o(i.LCD_SetDisplayWindow), (88 bytes).
    Removing stm32100e_eval_lcd.o(i.LCD_SetFont), (12 bytes).
    Removing stm32100e_eval_lcd.o(i.LCD_SetTextColor), (16 bytes).
    Removing stm32100e_eval_lcd.o(i.LCD_WindowModeDisable), (28 bytes).
    Removing stm32100e_eval_lcd.o(i.LCD_WriteBMP), (74 bytes).
    Removing stm32100e_eval_lcd.o(i.LCD_WriteRAM), (8 bytes).
    Removing stm32100e_eval_lcd.o(i.LCD_WriteRAM_Prepare), (10 bytes).
    Removing stm32100e_eval_lcd.o(i.LCD_WriteReg), (10 bytes).
    Removing stm32100e_eval_lcd.o(i.PutPixel), (42 bytes).
    Removing stm32100e_eval_lcd.o(i.STM32100E_LCD_Init), (1636 bytes).
    Removing stm32100e_eval_lcd.o(i.delay), (34 bytes).
    Removing stm32100e_eval_lcd.o(.constdata), (10704 bytes).
    Removing stm32100e_eval_lcd.o(.data), (40 bytes).
    Removing stm32100e_eval_ioe.o(i.I2C_ReadDataBuffer), (420 bytes).
    Removing stm32100e_eval_ioe.o(i.I2C_ReadDeviceRegister), (404 bytes).
    Removing stm32100e_eval_ioe.o(i.I2C_WriteDeviceRegister), (320 bytes).
    Removing stm32100e_eval_ioe.o(i.IOE_ClearGITPending), (20 bytes).
    Removing stm32100e_eval_ioe.o(i.IOE_ClearIOITPending), (50 bytes).
    Removing stm32100e_eval_ioe.o(i.IOE_Config), (50 bytes).
    Removing stm32100e_eval_ioe.o(i.IOE_DMA_Config), (116 bytes).
    Removing stm32100e_eval_ioe.o(i.IOE_EXTI_Config), (104 bytes).
    Removing stm32100e_eval_ioe.o(i.IOE_FnctCmd), (46 bytes).
    Removing stm32100e_eval_ioe.o(i.IOE_GITCmd), (42 bytes).
    Removing stm32100e_eval_ioe.o(i.IOE_GITConfig), (46 bytes).
    Removing stm32100e_eval_ioe.o(i.IOE_GPIO_Config), (120 bytes).
    Removing stm32100e_eval_ioe.o(i.IOE_GetGITStatus), (36 bytes).
    Removing stm32100e_eval_ioe.o(i.IOE_GetIOITStatus), (32 bytes).
    Removing stm32100e_eval_ioe.o(i.IOE_I2C_Config), (60 bytes).
    Removing stm32100e_eval_ioe.o(i.IOE_IOAFConfig), (46 bytes).
    Removing stm32100e_eval_ioe.o(i.IOE_IOEdgeConfig), (80 bytes).
    Removing stm32100e_eval_ioe.o(i.IOE_IOITConfig), (46 bytes).
    Removing stm32100e_eval_ioe.o(i.IOE_IOPinConfig), (46 bytes).
    Removing stm32100e_eval_ioe.o(i.IOE_ITConfig), (52 bytes).
    Removing stm32100e_eval_ioe.o(i.IOE_ITOutConfig), (42 bytes).
    Removing stm32100e_eval_ioe.o(i.IOE_IsOperational), (40 bytes).
    Removing stm32100e_eval_ioe.o(i.IOE_ReadID), (38 bytes).
    Removing stm32100e_eval_ioe.o(i.IOE_ReadIOPin), (44 bytes).
    Removing stm32100e_eval_ioe.o(i.IOE_Reset), (34 bytes).
    Removing stm32100e_eval_ioe.o(i.IOE_TS_Config), (200 bytes).
    Removing stm32100e_eval_ioe.o(i.IOE_TS_GetState), (160 bytes).
    Removing stm32100e_eval_ioe.o(i.IOE_TS_Read_X), (42 bytes).
    Removing stm32100e_eval_ioe.o(i.IOE_TS_Read_Y), (46 bytes).
    Removing stm32100e_eval_ioe.o(i.IOE_TS_Read_Z), (20 bytes).
    Removing stm32100e_eval_ioe.o(i.IOE_TempSens_Config), (62 bytes).
    Removing stm32100e_eval_ioe.o(i.IOE_TempSens_GetData), (96 bytes).
    Removing stm32100e_eval_ioe.o(i.IOE_WriteIOPin), (48 bytes).
    Removing stm32100e_eval_ioe.o(i.delay), (36 bytes).
    Removing stm32100e_eval_ioe.o(.data), (24 bytes).
    Removing stm32100e_eval_cec.o(i.HDMI_CEC_CheckConnectedDevices), (1304 bytes).
    Removing stm32100e_eval_cec.o(i.HDMI_CEC_CommandCallBack), (872 bytes).
    Removing stm32100e_eval_cec.o(i.HDMI_CEC_GetErrorStatus), (116 bytes).
    Removing stm32100e_eval_cec.o(i.HDMI_CEC_Init), (200 bytes).
    Removing stm32100e_eval_cec.o(i.HDMI_CEC_ProcessIRQSrc), (380 bytes).
    Removing stm32100e_eval_cec.o(i.HDMI_CEC_ReportPhysicalAddress), (88 bytes).
    Removing stm32100e_eval_cec.o(i.HDMI_CEC_TransmitMessage), (292 bytes).
    Removing stm32100e_eval_cec.o(i.LogicalAddressAllocation), (1288 bytes).
    Removing stm32100e_eval_cec.o(i.PhysicalAddressDiscovery), (16 bytes).
    Removing stm32100e_eval_cec.o(.bss), (153 bytes).
    Removing stm32100e_eval_cec.o(.conststring), (318 bytes).
    Removing stm32100e_eval_cec.o(.data), (152 bytes).
    Removing stm32100e_eval_fsmc_onenand.o(i.OneNAND_AsynchronousRead), (140 bytes).
    Removing stm32100e_eval_fsmc_onenand.o(i.OneNAND_EraseBlock), (104 bytes).
    Removing stm32100e_eval_fsmc_onenand.o(i.OneNAND_Init), (284 bytes).
    Removing stm32100e_eval_fsmc_onenand.o(i.OneNAND_ReadControllerStatus), (20 bytes).
    Removing stm32100e_eval_fsmc_onenand.o(i.OneNAND_ReadID), (56 bytes).
    Removing stm32100e_eval_fsmc_onenand.o(i.OneNAND_ReadStatus), (20 bytes).
    Removing stm32100e_eval_fsmc_onenand.o(i.OneNAND_Reset), (10 bytes).
    Removing stm32100e_eval_fsmc_onenand.o(i.OneNAND_SynchronousRead), (132 bytes).
    Removing stm32100e_eval_fsmc_onenand.o(i.OneNAND_UnlockBlock), (80 bytes).
    Removing stm32100e_eval_fsmc_onenand.o(i.OneNAND_WriteBuffer), (148 bytes).
    Removing stm32100e_eval_fsmc_sram.o(i.SRAM_Init), (248 bytes).
    Removing stm32100e_eval_fsmc_sram.o(i.SRAM_ReadBuffer), (22 bytes).
    Removing stm32100e_eval_fsmc_sram.o(i.SRAM_WriteBuffer), (24 bytes).
    Removing startup_stm32f10x_hd_vl.o(HEAP), (512 bytes).
    Removing dflti.o(.text), (34 bytes).
    Removing dfltui.o(.text), (26 bytes).
    Removing cdcmple.o(.text), (40 bytes).
    Removing cdrcmple.o(.text), (40 bytes).
    Removing depilogue.o(.text), (182 bytes).

623 unused section(s) (total 51871 bytes) removed from the image.

==============================================================================

Image Symbol Table

    Local Symbols

    Symbol Name                              Value     Ov Type        Size  Object(Section)

    ../clib/microlib/init/entry.s            0x00000000   Number         0  entry10b.o ABSOLUTE
    ../clib/microlib/init/entry.s            0x00000000   Number         0  entry7a.o ABSOLUTE
    ../clib/microlib/init/entry.s            0x00000000   Number         0  entry.o ABSOLUTE
    ../clib/microlib/init/entry.s            0x00000000   Number         0  entry2.o ABSOLUTE
    ../clib/microlib/init/entry.s            0x00000000   Number         0  entry5.o ABSOLUTE
    ../clib/microlib/init/entry.s            0x00000000   Number         0  entry7b.o ABSOLUTE
    ../clib/microlib/init/entry.s            0x00000000   Number         0  entry8a.o ABSOLUTE
    ../clib/microlib/init/entry.s            0x00000000   Number         0  entry8b.o ABSOLUTE
    ../clib/microlib/init/entry.s            0x00000000   Number         0  entry11b.o ABSOLUTE
    ../clib/microlib/init/entry.s            0x00000000   Number         0  entry11a.o ABSOLUTE
    ../clib/microlib/init/entry.s            0x00000000   Number         0  entry9a.o ABSOLUTE
    ../clib/microlib/init/entry.s            0x00000000   Number         0  entry9b.o ABSOLUTE
    ../clib/microlib/init/entry.s            0x00000000   Number         0  entry10a.o ABSOLUTE
    ../clib/microlib/longlong.c              0x00000000   Number         0  llushr.o ABSOLUTE
    ../clib/microlib/longlong.c              0x00000000   Number         0  llshl.o ABSOLUTE
    ../clib/microlib/string/memcpy.c         0x00000000   Number         0  memcpya.o ABSOLUTE
    ../clib/microlib/string/memcpy.c         0x00000000   Number         0  memcpyb.o ABSOLUTE
    ../clib/microlib/string/memset.c         0x00000000   Number         0  memseta.o ABSOLUTE
    ../clib/microlib/string/strcmp.c         0x00000000   Number         0  strcmp.o ABSOLUTE
    ../clib/microlib/string/strcpy.c         0x00000000   Number         0  strcpy.o ABSOLUTE
    ../clib/microlib/string/strlen.c         0x00000000   Number         0  strlen.o ABSOLUTE
    ../clib/microlib/string/strtok.c         0x00000000   Number         0  strtok_r.o ABSOLUTE
    ../clib/microlib/string/strtok.c         0x00000000   Number         0  strtok.o ABSOLUTE
    ../clib/microlib/stubs.s                 0x00000000   Number         0  iusefp.o ABSOLUTE
    ../fplib/microlib/fpepilogue.c           0x00000000   Number         0  depilogue.o ABSOLUTE
    ../fplib/microlib/fpflt.c                0x00000000   Number         0  dfltui.o ABSOLUTE
    ../fplib/microlib/fpflt.c                0x00000000   Number         0  dflti.o ABSOLUTE
    ..\..\..\Libraries\CMSIS\CM3\CoreSupport\core_cm3.c 0x00000000   Number         0  core_cm3.o ABSOLUTE
    ..\..\..\Libraries\CMSIS\CM3\DeviceSupport\ST\STM32F10x\startup\arm\startup_stm32f10x_hd_vl.s 0x00000000   Number         0  startup_stm32f10x_hd_vl.o ABSOLUTE
    ..\..\..\Libraries\STM32F10x_StdPeriph_Driver\src\misc.c 0x00000000   Number         0  misc.o ABSOLUTE
    ..\..\..\Libraries\STM32F10x_StdPeriph_Driver\src\stm32f10x_adc.c 0x00000000   Number         0  stm32f10x_adc.o ABSOLUTE
    ..\..\..\Libraries\STM32F10x_StdPeriph_Driver\src\stm32f10x_bkp.c 0x00000000   Number         0  stm32f10x_bkp.o ABSOLUTE
    ..\..\..\Libraries\STM32F10x_StdPeriph_Driver\src\stm32f10x_can.c 0x00000000   Number         0  stm32f10x_can.o ABSOLUTE
    ..\..\..\Libraries\STM32F10x_StdPeriph_Driver\src\stm32f10x_cec.c 0x00000000   Number         0  stm32f10x_cec.o ABSOLUTE
    ..\..\..\Libraries\STM32F10x_StdPeriph_Driver\src\stm32f10x_crc.c 0x00000000   Number         0  stm32f10x_crc.o ABSOLUTE
    ..\..\..\Libraries\STM32F10x_StdPeriph_Driver\src\stm32f10x_dac.c 0x00000000   Number         0  stm32f10x_dac.o ABSOLUTE
    ..\..\..\Libraries\STM32F10x_StdPeriph_Driver\src\stm32f10x_dbgmcu.c 0x00000000   Number         0  stm32f10x_dbgmcu.o ABSOLUTE
    ..\..\..\Libraries\STM32F10x_StdPeriph_Driver\src\stm32f10x_dma.c 0x00000000   Number         0  stm32f10x_dma.o ABSOLUTE
    ..\..\..\Libraries\STM32F10x_StdPeriph_Driver\src\stm32f10x_exti.c 0x00000000   Number         0  stm32f10x_exti.o ABSOLUTE
    ..\..\..\Libraries\STM32F10x_StdPeriph_Driver\src\stm32f10x_flash.c 0x00000000   Number         0  stm32f10x_flash.o ABSOLUTE
    ..\..\..\Libraries\STM32F10x_StdPeriph_Driver\src\stm32f10x_fsmc.c 0x00000000   Number         0  stm32f10x_fsmc.o ABSOLUTE
    ..\..\..\Libraries\STM32F10x_StdPeriph_Driver\src\stm32f10x_gpio.c 0x00000000   Number         0  stm32f10x_gpio.o ABSOLUTE
    ..\..\..\Libraries\STM32F10x_StdPeriph_Driver\src\stm32f10x_i2c.c 0x00000000   Number         0  stm32f10x_i2c.o ABSOLUTE
    ..\..\..\Libraries\STM32F10x_StdPeriph_Driver\src\stm32f10x_iwdg.c 0x00000000   Number         0  stm32f10x_iwdg.o ABSOLUTE
    ..\..\..\Libraries\STM32F10x_StdPeriph_Driver\src\stm32f10x_pwr.c 0x00000000   Number         0  stm32f10x_pwr.o ABSOLUTE
    ..\..\..\Libraries\STM32F10x_StdPeriph_Driver\src\stm32f10x_rcc.c 0x00000000   Number         0  stm32f10x_rcc.o ABSOLUTE
    ..\..\..\Libraries\STM32F10x_StdPeriph_Driver\src\stm32f10x_rtc.c 0x00000000   Number         0  stm32f10x_rtc.o ABSOLUTE
    ..\..\..\Libraries\STM32F10x_StdPeriph_Driver\src\stm32f10x_sdio.c 0x00000000   Number         0  stm32f10x_sdio.o ABSOLUTE
    ..\..\..\Libraries\STM32F10x_StdPeriph_Driver\src\stm32f10x_spi.c 0x00000000   Number         0  stm32f10x_spi.o ABSOLUTE
    ..\..\..\Libraries\STM32F10x_StdPeriph_Driver\src\stm32f10x_tim.c 0x00000000   Number         0  stm32f10x_tim.o ABSOLUTE
    ..\..\..\Libraries\STM32F10x_StdPeriph_Driver\src\stm32f10x_usart.c 0x00000000   Number         0  stm32f10x_usart.o ABSOLUTE
    ..\..\..\Libraries\STM32F10x_StdPeriph_Driver\src\stm32f10x_wwdg.c 0x00000000   Number         0  stm32f10x_wwdg.o ABSOLUTE
    ..\..\..\Utilities\STM32_EVAL\Common\stm32_eval_i2c_tsensor.c 0x00000000   Number         0  stm32_eval_i2c_tsensor.o ABSOLUTE
    ..\..\..\Utilities\STM32_EVAL\Common\stm32_eval_spi_flash.c 0x00000000   Number         0  stm32_eval_spi_flash.o ABSOLUTE
    ..\..\..\Utilities\STM32_EVAL\Common\stm32_eval_spi_sd.c 0x00000000   Number         0  stm32_eval_spi_sd.o ABSOLUTE
    ..\..\..\Utilities\STM32_EVAL\STM32100E_EVAL\stm32100e_eval_cec.c 0x00000000   Number         0  stm32100e_eval_cec.o ABSOLUTE
    ..\..\..\Utilities\STM32_EVAL\STM32100E_EVAL\stm32100e_eval_fsmc_onenand.c 0x00000000   Number         0  stm32100e_eval_fsmc_onenand.o ABSOLUTE
    ..\..\..\Utilities\STM32_EVAL\STM32100E_EVAL\stm32100e_eval_fsmc_sram.c 0x00000000   Number         0  stm32100e_eval_fsmc_sram.o ABSOLUTE
    ..\..\..\Utilities\STM32_EVAL\STM32100E_EVAL\stm32100e_eval_ioe.c 0x00000000   Number         0  stm32100e_eval_ioe.o ABSOLUTE
    ..\..\..\Utilities\STM32_EVAL\STM32100E_EVAL\stm32100e_eval_lcd.c 0x00000000   Number         0  stm32100e_eval_lcd.o ABSOLUTE
    ..\..\..\Utilities\STM32_EVAL\stm32_eval.c 0x00000000   Number         0  stm32_eval.o ABSOLUTE
    ..\\..\\..\\Libraries\\CMSIS\\CM3\\CoreSupport\\core_cm3.c 0x00000000   Number         0  core_cm3.o ABSOLUTE
    ..\main.c                                0x00000000   Number         0  main.o ABSOLUTE
    ..\stm32f10x_it.c                        0x00000000   Number         0  stm32f10x_it.o ABSOLUTE
    ..\system_stm32f10x.c                    0x00000000   Number         0  system_stm32f10x.o ABSOLUTE
    cdcmple.s                                0x00000000   Number         0  cdcmple.o ABSOLUTE
    cdrcmple.s                               0x00000000   Number         0  cdrcmple.o ABSOLUTE
    dc.s                                     0x00000000   Number         0  dc.o ABSOLUTE
    handlers.s                               0x00000000   Number         0  handlers.o ABSOLUTE
    init.s                                   0x00000000   Number         0  init.o ABSOLUTE
    sourcecode\QGPIO.c                       0x00000000   Number         0  qgpio.o ABSOLUTE
    sourcecode\QKey.c                        0x00000000   Number         0  qkey.o ABSOLUTE
    sourcecode\QUart.c                       0x00000000   Number         0  quart.o ABSOLUTE
    sourcecode\Qevent_handler.c              0x00000000   Number         0  qevent_handler.o ABSOLUTE
    sourcecode\QuanProcessCMD.c              0x00000000   Number         0  quanprocesscmd.o ABSOLUTE
    RESET                                    0x08000000   Section      308  startup_stm32f10x_hd_vl.o(RESET)
    .ARM.Collect$$$$00000000                 0x08000134   Section        0  entry.o(.ARM.Collect$$$$00000000)
    .ARM.Collect$$$$00000001                 0x08000134   Section        4  entry2.o(.ARM.Collect$$$$00000001)
    .ARM.Collect$$$$00000004                 0x08000138   Section        4  entry5.o(.ARM.Collect$$$$00000004)
    .ARM.Collect$$$$00000008                 0x0800013c   Section        0  entry7b.o(.ARM.Collect$$$$00000008)
    .ARM.Collect$$$$0000000A                 0x0800013c   Section        0  entry8b.o(.ARM.Collect$$$$0000000A)
    .ARM.Collect$$$$0000000B                 0x0800013c   Section        8  entry9a.o(.ARM.Collect$$$$0000000B)
    .ARM.Collect$$$$0000000D                 0x08000144   Section        0  entry10a.o(.ARM.Collect$$$$0000000D)
    .ARM.Collect$$$$0000000F                 0x08000144   Section        0  entry11a.o(.ARM.Collect$$$$0000000F)
    .ARM.Collect$$$$00002712                 0x08000144   Section        4  entry2.o(.ARM.Collect$$$$00002712)
    __lit__00000000                          0x08000144   Data           4  entry2.o(.ARM.Collect$$$$00002712)
    .text                                    0x08000148   Section       36  startup_stm32f10x_hd_vl.o(.text)
    .text                                    0x0800016c   Section        0  memcpya.o(.text)
    .text                                    0x08000190   Section        0  memseta.o(.text)
    .text                                    0x080001b4   Section        0  strlen.o(.text)
    .text                                    0x080001c2   Section        0  strcmp.o(.text)
    .text                                    0x080001de   Section        0  strcpy.o(.text)
    .text                                    0x080001f0   Section        0  strtok.o(.text)
    .text                                    0x08000234   Section       36  init.o(.text)
    i.BusFault_Handler                       0x08000258   Section        0  stm32f10x_it.o(i.BusFault_Handler)
    i.DebugMon_Handler                       0x0800025c   Section        0  stm32f10x_it.o(i.DebugMon_Handler)
    i.EXTI4_IRQHandler                       0x08000260   Section        0  stm32f10x_it.o(i.EXTI4_IRQHandler)
    i.EXTI9_5_IRQHandler                     0x08000278   Section        0  stm32f10x_it.o(i.EXTI9_5_IRQHandler)
    i.EXTI_ClearITPendingBit                 0x08000284   Section        0  stm32f10x_exti.o(i.EXTI_ClearITPendingBit)
    i.EXTI_Init                              0x08000290   Section        0  stm32f10x_exti.o(i.EXTI_Init)
    i.GPIO_Configuration                     0x08000324   Section        0  main.o(i.GPIO_Configuration)
    i.GPIO_EXTILineConfig                    0x080003d0   Section        0  stm32f10x_gpio.o(i.GPIO_EXTILineConfig)
    i.GPIO_Init                              0x08000410   Section        0  stm32f10x_gpio.o(i.GPIO_Init)
    i.GPIO_ReadInputDataBit                  0x08000526   Section        0  stm32f10x_gpio.o(i.GPIO_ReadInputDataBit)
    i.Gpio_Off                               0x08000538   Section        0  qgpio.o(i.Gpio_Off)
    i.Gpio_On                                0x08000550   Section        0  qgpio.o(i.Gpio_On)
    i.Gpio_init                              0x08000568   Section        0  qgpio.o(i.Gpio_init)
    i.HardFault_Handler                      0x080005a8   Section        0  stm32f10x_it.o(i.HardFault_Handler)
    i.MemManage_Handler                      0x080005d0   Section        0  stm32f10x_it.o(i.MemManage_Handler)
    i.NMI_Handler                            0x080005d4   Section        0  stm32f10x_it.o(i.NMI_Handler)
    i.NVIC_Configuration                     0x080005d6   Section        0  main.o(i.NVIC_Configuration)
    i.NVIC_Init                              0x08000658   Section        0  misc.o(i.NVIC_Init)
    i.NVIC_PriorityGroupConfig               0x080006c8   Section        0  misc.o(i.NVIC_PriorityGroupConfig)
    i.PendSV_Handler                         0x080006dc   Section        0  stm32f10x_it.o(i.PendSV_Handler)
    i.RCC_APB1PeriphClockCmd                 0x080006e0   Section        0  stm32f10x_rcc.o(i.RCC_APB1PeriphClockCmd)
    i.RCC_APB2PeriphClockCmd                 0x08000700   Section        0  stm32f10x_rcc.o(i.RCC_APB2PeriphClockCmd)
    i.RCC_Configuration                      0x08000720   Section        0  main.o(i.RCC_Configuration)
    i.RCC_GetClocksFreq                      0x08000770   Section        0  stm32f10x_rcc.o(i.RCC_GetClocksFreq)
    i.Rx2ProcessCMD                          0x08000848   Section        0  quanprocesscmd.o(i.Rx2ProcessCMD)
    i.Rx3ProcessCMD                          0x08000964   Section        0  quanprocesscmd.o(i.Rx3ProcessCMD)
    i.Rx5ProcessCMD                          0x08000a5c   Section        0  quanprocesscmd.o(i.Rx5ProcessCMD)
    i.STM_EVAL_LEDInit                       0x08000b6c   Section        0  stm32_eval.o(i.STM_EVAL_LEDInit)
    i.STM_EVAL_LEDOff                        0x08000bac   Section        0  stm32_eval.o(i.STM_EVAL_LEDOff)
    i.STM_EVAL_LEDOn                         0x08000bc4   Section        0  stm32_eval.o(i.STM_EVAL_LEDOn)
    i.STM_EVAL_LEDToggle                     0x08000bdc   Section        0  stm32_eval.o(i.STM_EVAL_LEDToggle)
    i.SVC_Handler                            0x08000c00   Section        0  stm32f10x_it.o(i.SVC_Handler)
    i.SetSysClock                            0x08000c02   Section        0  system_stm32f10x.o(i.SetSysClock)
    SetSysClock                              0x08000c03   Thumb Code     8  system_stm32f10x.o(i.SetSysClock)
    i.SetSysClockTo24                        0x08000c0c   Section        0  system_stm32f10x.o(i.SetSysClockTo24)
    SetSysClockTo24                          0x08000c0d   Thumb Code   178  system_stm32f10x.o(i.SetSysClockTo24)
    i.SysTick_Config                         0x08000cc4   Section        0  main.o(i.SysTick_Config)
    SysTick_Config                           0x08000cc5   Thumb Code    76  main.o(i.SysTick_Config)
    i.SysTick_Handler                        0x08000d18   Section        0  stm32f10x_it.o(i.SysTick_Handler)
    i.SystemInit                             0x08000d20   Section        0  system_stm32f10x.o(i.SystemInit)
    i.TIM_Cmd                                0x08000d84   Section        0  stm32f10x_tim.o(i.TIM_Cmd)
    i.TIM_CtrlPWMOutputs                     0x08000d9c   Section        0  stm32f10x_tim.o(i.TIM_CtrlPWMOutputs)
    i.Tick_Timer                             0x08000dbc   Section        0  main.o(i.Tick_Timer)
    i.UART2_to_USARTMTK_long                 0x08000f40   Section        0  quart.o(i.UART2_to_USARTMTK_long)
    i.UART4_IRQHandler                       0x08000f90   Section        0  quart.o(i.UART4_IRQHandler)
    i.UART5_IRQHandler                       0x08001068   Section        0  quart.o(i.UART5_IRQHandler)
    i.UARTBLE_to_USARTMTK_long               0x08001168   Section        0  quart.o(i.UARTBLE_to_USARTMTK_long)
    i.USART1_IRQHandler                      0x080011b8   Section        0  quart.o(i.USART1_IRQHandler)
    i.USART2_IRQHandler                      0x0800127c   Section        0  quart.o(i.USART2_IRQHandler)
    i.USART3_IRQHandler                      0x08001368   Section        0  quart.o(i.USART3_IRQHandler)
    i.USARTMTK_to_UART2_long                 0x08001468   Section        0  quart.o(i.USARTMTK_to_UART2_long)
    i.USARTMTK_to_UARTBLE_long               0x080014b8   Section        0  quart.o(i.USARTMTK_to_UARTBLE_long)
    i.USART_ClearFlag                        0x08001508   Section        0  stm32f10x_usart.o(i.USART_ClearFlag)
    i.USART_ClearITPendingBit                0x0800151a   Section        0  stm32f10x_usart.o(i.USART_ClearITPendingBit)
    i.USART_Cmd                              0x08001538   Section        0  stm32f10x_usart.o(i.USART_Cmd)
    i.USART_GetFlagStatus                    0x08001550   Section        0  stm32f10x_usart.o(i.USART_GetFlagStatus)
    i.USART_GetITStatus                      0x0800156a   Section        0  stm32f10x_usart.o(i.USART_GetITStatus)
    i.USART_ITConfig                         0x080015be   Section        0  stm32f10x_usart.o(i.USART_ITConfig)
    i.USART_Init                             0x08001608   Section        0  stm32f10x_usart.o(i.USART_Init)
    i.USART_ReceiveData                      0x080016e0   Section        0  stm32f10x_usart.o(i.USART_ReceiveData)
    i.USART_SendData                         0x080016ea   Section        0  stm32f10x_usart.o(i.USART_SendData)
    i.UsageFault_Handler                     0x080016f2   Section        0  stm32f10x_it.o(i.UsageFault_Handler)
    i.WWDG_Enable                            0x080016f8   Section        0  stm32f10x_wwdg.o(i.WWDG_Enable)
    i.WWDG_SetCounter                        0x08001708   Section        0  stm32f10x_wwdg.o(i.WWDG_SetCounter)
    i.WWDG_SetPrescaler                      0x08001718   Section        0  stm32f10x_wwdg.o(i.WWDG_SetPrescaler)
    i.WWDG_SetWindowValue                    0x08001730   Section        0  stm32f10x_wwdg.o(i.WWDG_SetWindowValue)
    i.__scatterload_copy                     0x08001758   Section       14  handlers.o(i.__scatterload_copy)
    i.__scatterload_null                     0x08001766   Section        2  handlers.o(i.__scatterload_null)
    i.__scatterload_zeroinit                 0x08001768   Section       14  handlers.o(i.__scatterload_zeroinit)
    i.convertASCII2HexH                      0x08001776   Section        0  quanprocesscmd.o(i.convertASCII2HexH)
    i.convertASCII2HexL                      0x080017c0   Section        0  quanprocesscmd.o(i.convertASCII2HexL)
    i.handleEvent                            0x0800180c   Section        0  qevent_handler.o(i.handleEvent)
    i.initCommands                           0x080018e8   Section        0  quanprocesscmd.o(i.initCommands)
    i.key_init                               0x08001950   Section        0  qkey.o(i.key_init)
    i.main                                   0x080019bc   Section        0  main.o(i.main)
    i.processATT1                            0x08001b20   Section        0  quanprocesscmd.o(i.processATT1)
    i.processATT2                            0x08001b88   Section        0  quanprocesscmd.o(i.processATT2)
    i.processATTX                            0x08001c24   Section        0  quanprocesscmd.o(i.processATTX)
    i.processLed                             0x08001d2c   Section        0  quanprocesscmd.o(i.processLed)
    i.processoBuzzer                         0x08001d74   Section        0  quanprocesscmd.o(i.processoBuzzer)
    i.registerCommand                        0x08001dd4   Section        0  quanprocesscmd.o(i.registerCommand)
    i.sendEvent                              0x08001e08   Section        0  qevent_handler.o(i.sendEvent)
    .constdata                               0x08001e18   Section       12  qgpio.o(.constdata)
    .constdata                               0x08001e24   Section      156  stm32_eval.o(.constdata)
    .data                                    0x20000000   Section       54  main.o(.data)
    .data                                    0x20000036   Section       22  quart.o(.data)
    .data                                    0x2000004c   Section       18  quanprocesscmd.o(.data)
    .data                                    0x2000005e   Section        2  qevent_handler.o(.data)
    .data                                    0x20000060   Section        8  qgpio.o(.data)
    .data                                    0x20000068   Section       20  stm32f10x_rcc.o(.data)
    APBAHBPrescTable                         0x20000068   Data          16  stm32f10x_rcc.o(.data)
    ADCPrescTable                            0x20000078   Data           4  stm32f10x_rcc.o(.data)
    .data                                    0x2000007c   Section       20  system_stm32f10x.o(.data)
    .data                                    0x20000090   Section       64  stm32_eval.o(.data)
    .data                                    0x200000d0   Section        4  strtok.o(.data)
    state                                    0x200000d0   Data           4  strtok.o(.data)
    .bss                                     0x200000d4   Section       48  main.o(.bss)
    .bss                                     0x20000104   Section     2516  quart.o(.bss)
    .bss                                     0x20000ad8   Section      952  quanprocesscmd.o(.bss)
    STACK                                    0x20000e90   Section     1024  startup_stm32f10x_hd_vl.o(STACK)

    Global Symbols

    Symbol Name                              Value     Ov Type        Size  Object(Section)

    BuildAttributes$$THM_ISAv4$P$D$K$B$S$PE$A:L22UL41UL21$X:L11$S22US41US21$IEEE1$IW$USESV6$~STKCKD$USESV7$~SHL$OSPACE$ROPI$EBA8$MICROLIB$REQ8$PRES8$EABIv2 0x00000000   Number         0  anon$$obj.o ABSOLUTE
    __ARM_use_no_argv                        0x00000000   Number         0  main.o ABSOLUTE
    __cpp_initialize__aeabi_                  - Undefined Weak Reference
    __cxa_finalize                            - Undefined Weak Reference
    __decompress                              - Undefined Weak Reference
    _clock_init                               - Undefined Weak Reference
    _microlib_exit                            - Undefined Weak Reference
    __Vectors_Size                           0x00000134   Number         0  startup_stm32f10x_hd_vl.o ABSOLUTE
    __Vectors                                0x08000000   Data           4  startup_stm32f10x_hd_vl.o(RESET)
    __Vectors_End                            0x08000134   Data           0  startup_stm32f10x_hd_vl.o(RESET)
    __main                                   0x08000135   Thumb Code     0  entry.o(.ARM.Collect$$$$00000000)
    _main_stk                                0x08000135   Thumb Code     0  entry2.o(.ARM.Collect$$$$00000001)
    _main_scatterload                        0x08000139   Thumb Code     0  entry5.o(.ARM.Collect$$$$00000004)
    __main_after_scatterload                 0x0800013d   Thumb Code     0  entry5.o(.ARM.Collect$$$$00000004)
    _main_clock                              0x0800013d   Thumb Code     0  entry7b.o(.ARM.Collect$$$$00000008)
    _main_cpp_init                           0x0800013d   Thumb Code     0  entry8b.o(.ARM.Collect$$$$0000000A)
    _main_init                               0x0800013d   Thumb Code     0  entry9a.o(.ARM.Collect$$$$0000000B)
    __rt_final_cpp                           0x08000145   Thumb Code     0  entry10a.o(.ARM.Collect$$$$0000000D)
    __rt_final_exit                          0x08000145   Thumb Code     0  entry11a.o(.ARM.Collect$$$$0000000F)
    Reset_Handler                            0x08000149   Thumb Code     8  startup_stm32f10x_hd_vl.o(.text)
    ADC1_IRQHandler                          0x08000163   Thumb Code     0  startup_stm32f10x_hd_vl.o(.text)
    CEC_IRQHandler                           0x08000163   Thumb Code     0  startup_stm32f10x_hd_vl.o(.text)
    DMA1_Channel1_IRQHandler                 0x08000163   Thumb Code     0  startup_stm32f10x_hd_vl.o(.text)
    DMA1_Channel2_IRQHandler                 0x08000163   Thumb Code     0  startup_stm32f10x_hd_vl.o(.text)
    DMA1_Channel3_IRQHandler                 0x08000163   Thumb Code     0  startup_stm32f10x_hd_vl.o(.text)
    DMA1_Channel4_IRQHandler                 0x08000163   Thumb Code     0  startup_stm32f10x_hd_vl.o(.text)
    DMA1_Channel5_IRQHandler                 0x08000163   Thumb Code     0  startup_stm32f10x_hd_vl.o(.text)
    DMA1_Channel6_IRQHandler                 0x08000163   Thumb Code     0  startup_stm32f10x_hd_vl.o(.text)
    DMA1_Channel7_IRQHandler                 0x08000163   Thumb Code     0  startup_stm32f10x_hd_vl.o(.text)
    DMA2_Channel1_IRQHandler                 0x08000163   Thumb Code     0  startup_stm32f10x_hd_vl.o(.text)
    DMA2_Channel2_IRQHandler                 0x08000163   Thumb Code     0  startup_stm32f10x_hd_vl.o(.text)
    DMA2_Channel3_IRQHandler                 0x08000163   Thumb Code     0  startup_stm32f10x_hd_vl.o(.text)
    DMA2_Channel4_5_IRQHandler               0x08000163   Thumb Code     0  startup_stm32f10x_hd_vl.o(.text)
    DMA2_Channel5_IRQHandler                 0x08000163   Thumb Code     0  startup_stm32f10x_hd_vl.o(.text)
    EXTI0_IRQHandler                         0x08000163   Thumb Code     0  startup_stm32f10x_hd_vl.o(.text)
    EXTI15_10_IRQHandler                     0x08000163   Thumb Code     0  startup_stm32f10x_hd_vl.o(.text)
    EXTI1_IRQHandler                         0x08000163   Thumb Code     0  startup_stm32f10x_hd_vl.o(.text)
    EXTI2_IRQHandler                         0x08000163   Thumb Code     0  startup_stm32f10x_hd_vl.o(.text)
    EXTI3_IRQHandler                         0x08000163   Thumb Code     0  startup_stm32f10x_hd_vl.o(.text)
    FLASH_IRQHandler                         0x08000163   Thumb Code     0  startup_stm32f10x_hd_vl.o(.text)
    I2C1_ER_IRQHandler                       0x08000163   Thumb Code     0  startup_stm32f10x_hd_vl.o(.text)
    I2C1_EV_IRQHandler                       0x08000163   Thumb Code     0  startup_stm32f10x_hd_vl.o(.text)
    I2C2_ER_IRQHandler                       0x08000163   Thumb Code     0  startup_stm32f10x_hd_vl.o(.text)
    I2C2_EV_IRQHandler                       0x08000163   Thumb Code     0  startup_stm32f10x_hd_vl.o(.text)
    PVD_IRQHandler                           0x08000163   Thumb Code     0  startup_stm32f10x_hd_vl.o(.text)
    RCC_IRQHandler                           0x08000163   Thumb Code     0  startup_stm32f10x_hd_vl.o(.text)
    RTCAlarm_IRQHandler                      0x08000163   Thumb Code     0  startup_stm32f10x_hd_vl.o(.text)
    RTC_IRQHandler                           0x08000163   Thumb Code     0  startup_stm32f10x_hd_vl.o(.text)
    SPI1_IRQHandler                          0x08000163   Thumb Code     0  startup_stm32f10x_hd_vl.o(.text)
    SPI2_IRQHandler                          0x08000163   Thumb Code     0  startup_stm32f10x_hd_vl.o(.text)
    SPI3_IRQHandler                          0x08000163   Thumb Code     0  startup_stm32f10x_hd_vl.o(.text)
    TAMPER_IRQHandler                        0x08000163   Thumb Code     0  startup_stm32f10x_hd_vl.o(.text)
    TIM12_IRQHandler                         0x08000163   Thumb Code     0  startup_stm32f10x_hd_vl.o(.text)
    TIM13_IRQHandler                         0x08000163   Thumb Code     0  startup_stm32f10x_hd_vl.o(.text)
    TIM14_IRQHandler                         0x08000163   Thumb Code     0  startup_stm32f10x_hd_vl.o(.text)
    TIM1_BRK_TIM15_IRQHandler                0x08000163   Thumb Code     0  startup_stm32f10x_hd_vl.o(.text)
    TIM1_CC_IRQHandler                       0x08000163   Thumb Code     0  startup_stm32f10x_hd_vl.o(.text)
    TIM1_TRG_COM_TIM17_IRQHandler            0x08000163   Thumb Code     0  startup_stm32f10x_hd_vl.o(.text)
    TIM1_UP_TIM16_IRQHandler                 0x08000163   Thumb Code     0  startup_stm32f10x_hd_vl.o(.text)
    TIM2_IRQHandler                          0x08000163   Thumb Code     0  startup_stm32f10x_hd_vl.o(.text)
    TIM3_IRQHandler                          0x08000163   Thumb Code     0  startup_stm32f10x_hd_vl.o(.text)
    TIM4_IRQHandler                          0x08000163   Thumb Code     0  startup_stm32f10x_hd_vl.o(.text)
    TIM5_IRQHandler                          0x08000163   Thumb Code     0  startup_stm32f10x_hd_vl.o(.text)
    TIM6_DAC_IRQHandler                      0x08000163   Thumb Code     0  startup_stm32f10x_hd_vl.o(.text)
    TIM7_IRQHandler                          0x08000163   Thumb Code     0  startup_stm32f10x_hd_vl.o(.text)
    WWDG_IRQHandler                          0x08000163   Thumb Code     0  startup_stm32f10x_hd_vl.o(.text)
    __aeabi_memcpy                           0x0800016d   Thumb Code    36  memcpya.o(.text)
    __aeabi_memcpy4                          0x0800016d   Thumb Code     0  memcpya.o(.text)
    __aeabi_memcpy8                          0x0800016d   Thumb Code     0  memcpya.o(.text)
    __aeabi_memset                           0x08000191   Thumb Code    14  memseta.o(.text)
    __aeabi_memset4                          0x08000191   Thumb Code     0  memseta.o(.text)
    __aeabi_memset8                          0x08000191   Thumb Code     0  memseta.o(.text)
    __aeabi_memclr                           0x0800019f   Thumb Code     4  memseta.o(.text)
    __aeabi_memclr4                          0x0800019f   Thumb Code     0  memseta.o(.text)
    __aeabi_memclr8                          0x0800019f   Thumb Code     0  memseta.o(.text)
    _memset$wrapper                          0x080001a3   Thumb Code    18  memseta.o(.text)
    strlen                                   0x080001b5   Thumb Code    14  strlen.o(.text)
    strcmp                                   0x080001c3   Thumb Code    28  strcmp.o(.text)
    strcpy                                   0x080001df   Thumb Code    18  strcpy.o(.text)
    strtok                                   0x080001f1   Thumb Code    62  strtok.o(.text)
    __scatterload                            0x08000235   Thumb Code    28  init.o(.text)
    __scatterload_rt2                        0x08000235   Thumb Code     0  init.o(.text)
    BusFault_Handler                         0x08000259   Thumb Code     4  stm32f10x_it.o(i.BusFault_Handler)
    DebugMon_Handler                         0x0800025d   Thumb Code     2  stm32f10x_it.o(i.DebugMon_Handler)
    EXTI4_IRQHandler                         0x08000261   Thumb Code    20  stm32f10x_it.o(i.EXTI4_IRQHandler)
    EXTI9_5_IRQHandler                       0x08000279   Thumb Code    10  stm32f10x_it.o(i.EXTI9_5_IRQHandler)
    EXTI_ClearITPendingBit                   0x08000285   Thumb Code     6  stm32f10x_exti.o(i.EXTI_ClearITPendingBit)
    EXTI_Init                                0x08000291   Thumb Code   142  stm32f10x_exti.o(i.EXTI_Init)
    GPIO_Configuration                       0x08000325   Thumb Code   154  main.o(i.GPIO_Configuration)
    GPIO_EXTILineConfig                      0x080003d1   Thumb Code    60  stm32f10x_gpio.o(i.GPIO_EXTILineConfig)
    GPIO_Init                                0x08000411   Thumb Code   278  stm32f10x_gpio.o(i.GPIO_Init)
    GPIO_ReadInputDataBit                    0x08000527   Thumb Code    18  stm32f10x_gpio.o(i.GPIO_ReadInputDataBit)
    Gpio_Off                                 0x08000539   Thumb Code    16  qgpio.o(i.Gpio_Off)
    Gpio_On                                  0x08000551   Thumb Code    16  qgpio.o(i.Gpio_On)
    Gpio_init                                0x08000569   Thumb Code    52  qgpio.o(i.Gpio_init)
    HardFault_Handler                        0x080005a9   Thumb Code    30  stm32f10x_it.o(i.HardFault_Handler)
    MemManage_Handler                        0x080005d1   Thumb Code     4  stm32f10x_it.o(i.MemManage_Handler)
    NMI_Handler                              0x080005d5   Thumb Code     2  stm32f10x_it.o(i.NMI_Handler)
    NVIC_Configuration                       0x080005d7   Thumb Code   128  main.o(i.NVIC_Configuration)
    NVIC_Init                                0x08000659   Thumb Code   100  misc.o(i.NVIC_Init)
    NVIC_PriorityGroupConfig                 0x080006c9   Thumb Code    10  misc.o(i.NVIC_PriorityGroupConfig)
    PendSV_Handler                           0x080006dd   Thumb Code     2  stm32f10x_it.o(i.PendSV_Handler)
    RCC_APB1PeriphClockCmd                   0x080006e1   Thumb Code    26  stm32f10x_rcc.o(i.RCC_APB1PeriphClockCmd)
    RCC_APB2PeriphClockCmd                   0x08000701   Thumb Code    26  stm32f10x_rcc.o(i.RCC_APB2PeriphClockCmd)
    RCC_Configuration                        0x08000721   Thumb Code    78  main.o(i.RCC_Configuration)
    RCC_GetClocksFreq                        0x08000771   Thumb Code   190  stm32f10x_rcc.o(i.RCC_GetClocksFreq)
    Rx2ProcessCMD                            0x08000849   Thumb Code   244  quanprocesscmd.o(i.Rx2ProcessCMD)
    Rx3ProcessCMD                            0x08000965   Thumb Code   212  quanprocesscmd.o(i.Rx3ProcessCMD)
    Rx5ProcessCMD                            0x08000a5d   Thumb Code   234  quanprocesscmd.o(i.Rx5ProcessCMD)
    STM_EVAL_LEDInit                         0x08000b6d   Thumb Code    52  stm32_eval.o(i.STM_EVAL_LEDInit)
    STM_EVAL_LEDOff                          0x08000bad   Thumb Code    16  stm32_eval.o(i.STM_EVAL_LEDOff)
    STM_EVAL_LEDOn                           0x08000bc5   Thumb Code    16  stm32_eval.o(i.STM_EVAL_LEDOn)
    STM_EVAL_LEDToggle                       0x08000bdd   Thumb Code    26  stm32_eval.o(i.STM_EVAL_LEDToggle)
    SVC_Handler                              0x08000c01   Thumb Code     2  stm32f10x_it.o(i.SVC_Handler)
    SysTick_Handler                          0x08000d19   Thumb Code     8  stm32f10x_it.o(i.SysTick_Handler)
    SystemInit                               0x08000d21   Thumb Code    82  system_stm32f10x.o(i.SystemInit)
    TIM_Cmd                                  0x08000d85   Thumb Code    24  stm32f10x_tim.o(i.TIM_Cmd)
    TIM_CtrlPWMOutputs                       0x08000d9d   Thumb Code    30  stm32f10x_tim.o(i.TIM_CtrlPWMOutputs)
    Tick_Timer                               0x08000dbd   Thumb Code   344  main.o(i.Tick_Timer)
    UART2_to_USARTMTK_long                   0x08000f41   Thumb Code    66  quart.o(i.UART2_to_USARTMTK_long)
    UART4_IRQHandler                         0x08000f91   Thumb Code   182  quart.o(i.UART4_IRQHandler)
    UART5_IRQHandler                         0x08001069   Thumb Code   224  quart.o(i.UART5_IRQHandler)
    UARTBLE_to_USARTMTK_long                 0x08001169   Thumb Code    66  quart.o(i.UARTBLE_to_USARTMTK_long)
    USART1_IRQHandler                        0x080011b9   Thumb Code   166  quart.o(i.USART1_IRQHandler)
    USART2_IRQHandler                        0x0800127d   Thumb Code   204  quart.o(i.USART2_IRQHandler)
    USART3_IRQHandler                        0x08001369   Thumb Code   224  quart.o(i.USART3_IRQHandler)
    USARTMTK_to_UART2_long                   0x08001469   Thumb Code    66  quart.o(i.USARTMTK_to_UART2_long)
    USARTMTK_to_UARTBLE_long                 0x080014b9   Thumb Code    66  quart.o(i.USARTMTK_to_UARTBLE_long)
    USART_ClearFlag                          0x08001509   Thumb Code    18  stm32f10x_usart.o(i.USART_ClearFlag)
    USART_ClearITPendingBit                  0x0800151b   Thumb Code    30  stm32f10x_usart.o(i.USART_ClearITPendingBit)
    USART_Cmd                                0x08001539   Thumb Code    24  stm32f10x_usart.o(i.USART_Cmd)
    USART_GetFlagStatus                      0x08001551   Thumb Code    26  stm32f10x_usart.o(i.USART_GetFlagStatus)
    USART_GetITStatus                        0x0800156b   Thumb Code    84  stm32f10x_usart.o(i.USART_GetITStatus)
    USART_ITConfig                           0x080015bf   Thumb Code    74  stm32f10x_usart.o(i.USART_ITConfig)
    USART_Init                               0x08001609   Thumb Code   210  stm32f10x_usart.o(i.USART_Init)
    USART_ReceiveData                        0x080016e1   Thumb Code    10  stm32f10x_usart.o(i.USART_ReceiveData)
    USART_SendData                           0x080016eb   Thumb Code     8  stm32f10x_usart.o(i.USART_SendData)
    UsageFault_Handler                       0x080016f3   Thumb Code     4  stm32f10x_it.o(i.UsageFault_Handler)
    WWDG_Enable                              0x080016f9   Thumb Code    10  stm32f10x_wwdg.o(i.WWDG_Enable)
    WWDG_SetCounter                          0x08001709   Thumb Code    10  stm32f10x_wwdg.o(i.WWDG_SetCounter)
    WWDG_SetPrescaler                        0x08001719   Thumb Code    18  stm32f10x_wwdg.o(i.WWDG_SetPrescaler)
    WWDG_SetWindowValue                      0x08001731   Thumb Code    34  stm32f10x_wwdg.o(i.WWDG_SetWindowValue)
    __scatterload_copy                       0x08001759   Thumb Code    14  handlers.o(i.__scatterload_copy)
    __scatterload_null                       0x08001767   Thumb Code     2  handlers.o(i.__scatterload_null)
    __scatterload_zeroinit                   0x08001769   Thumb Code    14  handlers.o(i.__scatterload_zeroinit)
    convertASCII2HexH                        0x08001777   Thumb Code    74  quanprocesscmd.o(i.convertASCII2HexH)
    convertASCII2HexL                        0x080017c1   Thumb Code    74  quanprocesscmd.o(i.convertASCII2HexL)
    handleEvent                              0x0800180d   Thumb Code   196  qevent_handler.o(i.handleEvent)
    initCommands                             0x080018e9   Thumb Code    54  quanprocesscmd.o(i.initCommands)
    key_init                                 0x08001951   Thumb Code   104  qkey.o(i.key_init)
    main                                     0x080019bd   Thumb Code   320  main.o(i.main)
    processATT1                              0x08001b21   Thumb Code    94  quanprocesscmd.o(i.processATT1)
    processATT2                              0x08001b89   Thumb Code   138  quanprocesscmd.o(i.processATT2)
    processATTX                              0x08001c25   Thumb Code   226  quanprocesscmd.o(i.processATTX)
    processLed                               0x08001d2d   Thumb Code    72  quanprocesscmd.o(i.processLed)
    processoBuzzer                           0x08001d75   Thumb Code    88  quanprocesscmd.o(i.processoBuzzer)
    registerCommand                          0x08001dd5   Thumb Code    46  quanprocesscmd.o(i.registerCommand)
    sendEvent                                0x08001e09   Thumb Code    12  qevent_handler.o(i.sendEvent)
    GPIO_DERE_CLK                            0x08001e18   Data           8  qgpio.o(.constdata)
    GPIO_DERE_PIN                            0x08001e20   Data           4  qgpio.o(.constdata)
    GPIO_PIN                                 0x08001e24   Data           4  stm32_eval.o(.constdata)
    GPIO_CLK                                 0x08001e28   Data           8  stm32_eval.o(.constdata)
    BUTTON_PIN                               0x08001e30   Data          16  stm32_eval.o(.constdata)
    BUTTON_CLK                               0x08001e40   Data          32  stm32_eval.o(.constdata)
    BUTTON_EXTI_LINE                         0x08001e60   Data          16  stm32_eval.o(.constdata)
    BUTTON_PORT_SOURCE                       0x08001e70   Data          16  stm32_eval.o(.constdata)
    BUTTON_PIN_SOURCE                        0x08001e80   Data          16  stm32_eval.o(.constdata)
    BUTTON_IRQn                              0x08001e90   Data          16  stm32_eval.o(.constdata)
    COM_USART_CLK                            0x08001ea0   Data           8  stm32_eval.o(.constdata)
    COM_TX_PORT_CLK                          0x08001ea8   Data           8  stm32_eval.o(.constdata)
    COM_RX_PORT_CLK                          0x08001eb0   Data           8  stm32_eval.o(.constdata)
    COM_TX_PIN                               0x08001eb8   Data           4  stm32_eval.o(.constdata)
    COM_RX_PIN                               0x08001ebc   Data           4  stm32_eval.o(.constdata)
    Region$$Table$$Base                      0x08001ec0   Number         0  anon$$obj.o(Region$$Table)
    Region$$Table$$Limit                     0x08001ee0   Number         0  anon$$obj.o(Region$$Table)
    LED_Test_flag                            0x20000000   Data           1  main.o(.data)
    TestTemp                                 0x20000001   Data           9  main.o(.data)
    i                                        0x2000000a   Data           1  main.o(.data)
    Key_press                                0x2000000b   Data           1  main.o(.data)
    Buzzer_Flag                              0x2000000c   Data           1  main.o(.data)
    gKeyTimer                                0x2000000e   Data           6  main.o(.data)
    gLEDflashTimer                           0x20000014   Data           6  main.o(.data)
    gBuzzerTimer                             0x2000001a   Data           6  main.o(.data)
    gRXTimer                                 0x20000020   Data           6  main.o(.data)
    x                                        0x20000026   Data           1  main.o(.data)
    CCR1_Val                                 0x20000028   Data           2  main.o(.data)
    CCR2_Val                                 0x2000002a   Data           2  main.o(.data)
    CCR3_Val                                 0x2000002c   Data           2  main.o(.data)
    CCR4_Val                                 0x2000002e   Data           2  main.o(.data)
    PrescalerValue                           0x20000030   Data           2  main.o(.data)
    GPIO_InitStructure                       0x20000032   Data           4  main.o(.data)
    TxHead3                                  0x20000036   Data           1  quart.o(.data)
    TxTail3                                  0x20000037   Data           1  quart.o(.data)
    RxHead3                                  0x20000038   Data           1  quart.o(.data)
    RxTail3                                  0x20000039   Data           1  quart.o(.data)
    TxHead5                                  0x2000003a   Data           1  quart.o(.data)
    TxTail5                                  0x2000003b   Data           1  quart.o(.data)
    RxHead5                                  0x2000003c   Data           1  quart.o(.data)
    RxTail5                                  0x2000003d   Data           1  quart.o(.data)
    TxHead4                                  0x2000003e   Data           1  quart.o(.data)
    TxTail4                                  0x2000003f   Data           1  quart.o(.data)
    RxHead4                                  0x20000040   Data           1  quart.o(.data)
    RxTail4                                  0x20000041   Data           1  quart.o(.data)
    TxHead1                                  0x20000042   Data           1  quart.o(.data)
    TxTail1                                  0x20000043   Data           1  quart.o(.data)
    RxHead1                                  0x20000044   Data           1  quart.o(.data)
    RxTail1                                  0x20000045   Data           1  quart.o(.data)
    TxHead2                                  0x20000046   Data           1  quart.o(.data)
    TxTail2                                  0x20000047   Data           1  quart.o(.data)
    RxHead2                                  0x20000048   Data           1  quart.o(.data)
    RxTail2                                  0x20000049   Data           1  quart.o(.data)
    gTurn485ReceiveMode                      0x2000004a   Data           1  quart.o(.data)
    Uart_IDIE_flag                           0x2000004b   Data           1  quart.o(.data)
    UAART_RX_Port                            0x2000004c   Data           1  quanprocesscmd.o(.data)
    ATT1                                     0x2000004d   Data           5  quanprocesscmd.o(.data)
    ATT2                                     0x20000052   Data           5  quanprocesscmd.o(.data)
    cmdIndex0                                0x20000057   Data           1  quanprocesscmd.o(.data)
    uart0GotCR                               0x20000058   Data           1  quanprocesscmd.o(.data)
    LED                                      0x20000059   Data           1  quanprocesscmd.o(.data)
    Len                                      0x2000005a   Data           1  quanprocesscmd.o(.data)
    y                                        0x2000005b   Data           1  quanprocesscmd.o(.data)
    Len2                                     0x2000005c   Data           1  quanprocesscmd.o(.data)
    Len3                                     0x2000005d   Data           1  quanprocesscmd.o(.data)
    gEvents                                  0x2000005e   Data           2  qevent_handler.o(.data)
    GPIO_DERE_PORT                           0x20000060   Data           8  qgpio.o(.data)
    SystemCoreClock                          0x2000007c   Data           4  system_stm32f10x.o(.data)
    AHBPrescTable                            0x20000080   Data          16  system_stm32f10x.o(.data)
    GPIO_PORT                                0x20000090   Data           8  stm32_eval.o(.data)
    BUTTON_PORT                              0x20000098   Data          32  stm32_eval.o(.data)
    COM_USART                                0x200000b8   Data           8  stm32_eval.o(.data)
    COM_TX_PORT                              0x200000c0   Data           8  stm32_eval.o(.data)
    COM_RX_PORT                              0x200000c8   Data           8  stm32_eval.o(.data)
    TIM_TimeBaseStructure                    0x200000d4   Data          10  main.o(.bss)
    TIM_OCInitStructure                      0x200000de   Data          16  main.o(.bss)
    RCC_Clocks                               0x200000f0   Data          20  main.o(.bss)
    USART_InitStructure                      0x20000104   Data          16  quart.o(.bss)
    RxBuffer_BLE                             0x20000114   Data         250  quart.o(.bss)
    TxBuffer_BLE                             0x2000020e   Data         250  quart.o(.bss)
    RxBuffer_MTK                             0x20000308   Data         250  quart.o(.bss)
    TxBuffer_MTK                             0x20000402   Data         250  quart.o(.bss)
    RxBuffer_UART4                           0x200004fc   Data         250  quart.o(.bss)
    TxBuffer_UART4                           0x200005f6   Data         250  quart.o(.bss)
    RxBuffer_UART1                           0x200006f0   Data         250  quart.o(.bss)
    TxBuffer_UART1                           0x200007ea   Data         250  quart.o(.bss)
    RxBuffer_Z200                            0x200008e4   Data         250  quart.o(.bss)
    TxBuffer_Z200                            0x200009de   Data         250  quart.o(.bss)
    commandList                              0x20000ad8   Data         100  quanprocesscmd.o(.bss)
    temp                                     0x20000b3c   Data         250  quanprocesscmd.o(.bss)
    bleCommandList                           0x20000c38   Data         100  quanprocesscmd.o(.bss)
    command0                                 0x20000c9c   Data         250  quanprocesscmd.o(.bss)
    AT_TransparentTemp                       0x20000d96   Data         250  quanprocesscmd.o(.bss)
    __initial_sp                             0x20001290   Data           0  startup_stm32f10x_hd_vl.o(STACK)



==============================================================================

Memory Map of the image

  Image Entry point : 0x08000135

  Load Region LR_IROM1 (Base: 0x08000000, Size: 0x00001fb4, Max: 0x00040000, ABSOLUTE)

    Execution Region ER_IROM1 (Base: 0x08000000, Size: 0x00001ee0, Max: 0x00040000, ABSOLUTE)

    Base Addr    Size         Type   Attr      Idx    E Section Name        Object

    0x08000000   0x00000134   Data   RO         4737    RESET               startup_stm32f10x_hd_vl.o
    0x08000134   0x00000000   Code   RO         4742  * .ARM.Collect$$$$00000000  mc_w.l(entry.o)
    0x08000134   0x00000004   Code   RO         4771    .ARM.Collect$$$$00000001  mc_w.l(entry2.o)
    0x08000138   0x00000004   Code   RO         4774    .ARM.Collect$$$$00000004  mc_w.l(entry5.o)
    0x0800013c   0x00000000   Code   RO         4776    .ARM.Collect$$$$00000008  mc_w.l(entry7b.o)
    0x0800013c   0x00000000   Code   RO         4778    .ARM.Collect$$$$0000000A  mc_w.l(entry8b.o)
    0x0800013c   0x00000008   Code   RO         4779    .ARM.Collect$$$$0000000B  mc_w.l(entry9a.o)
    0x08000144   0x00000000   Code   RO         4781    .ARM.Collect$$$$0000000D  mc_w.l(entry10a.o)
    0x08000144   0x00000000   Code   RO         4783    .ARM.Collect$$$$0000000F  mc_w.l(entry11a.o)
    0x08000144   0x00000004   Code   RO         4772    .ARM.Collect$$$$00002712  mc_w.l(entry2.o)
    0x08000148   0x00000024   Code   RO         4738    .text               startup_stm32f10x_hd_vl.o
    0x0800016c   0x00000024   Code   RO         4745    .text               mc_w.l(memcpya.o)
    0x08000190   0x00000024   Code   RO         4747    .text               mc_w.l(memseta.o)
    0x080001b4   0x0000000e   Code   RO         4749    .text               mc_w.l(strlen.o)
    0x080001c2   0x0000001c   Code   RO         4751    .text               mc_w.l(strcmp.o)
    0x080001de   0x00000012   Code   RO         4753    .text               mc_w.l(strcpy.o)
    0x080001f0   0x00000044   Code   RO         4755    .text               mc_w.l(strtok.o)
    0x08000234   0x00000024   Code   RO         4788    .text               mc_w.l(init.o)
    0x08000258   0x00000004   Code   RO            1    i.BusFault_Handler  stm32f10x_it.o
    0x0800025c   0x00000002   Code   RO            2    i.DebugMon_Handler  stm32f10x_it.o
    0x0800025e   0x00000002   PAD
    0x08000260   0x00000018   Code   RO            3    i.EXTI4_IRQHandler  stm32f10x_it.o
    0x08000278   0x0000000a   Code   RO            4    i.EXTI9_5_IRQHandler  stm32f10x_it.o
    0x08000282   0x00000002   PAD
    0x08000284   0x0000000c   Code   RO          976    i.EXTI_ClearITPendingBit  stm32f10x_exti.o
    0x08000290   0x00000094   Code   RO          981    i.EXTI_Init         stm32f10x_exti.o
    0x08000324   0x000000ac   Code   RO          180    i.GPIO_Configuration  main.o
    0x080003d0   0x00000040   Code   RO          819    i.GPIO_EXTILineConfig  stm32f10x_gpio.o
    0x08000410   0x00000116   Code   RO          822    i.GPIO_Init         stm32f10x_gpio.o
    0x08000526   0x00000012   Code   RO          826    i.GPIO_ReadInputDataBit  stm32f10x_gpio.o
    0x08000538   0x00000018   Code   RO          513    i.Gpio_Off          qgpio.o
    0x08000550   0x00000018   Code   RO          514    i.Gpio_On           qgpio.o
    0x08000568   0x00000040   Code   RO          515    i.Gpio_init         qgpio.o
    0x080005a8   0x00000028   Code   RO            5    i.HardFault_Handler  stm32f10x_it.o
    0x080005d0   0x00000004   Code   RO            6    i.MemManage_Handler  stm32f10x_it.o
    0x080005d4   0x00000002   Code   RO            7    i.NMI_Handler       stm32f10x_it.o
    0x080005d6   0x00000080   Code   RO          181    i.NVIC_Configuration  main.o
    0x08000656   0x00000002   PAD
    0x08000658   0x00000070   Code   RO          936    i.NVIC_Init         misc.o
    0x080006c8   0x00000014   Code   RO          937    i.NVIC_PriorityGroupConfig  misc.o
    0x080006dc   0x00000002   Code   RO            8    i.PendSV_Handler    stm32f10x_it.o
    0x080006de   0x00000002   PAD
    0x080006e0   0x00000020   Code   RO          543    i.RCC_APB1PeriphClockCmd  stm32f10x_rcc.o
    0x08000700   0x00000020   Code   RO          545    i.RCC_APB2PeriphClockCmd  stm32f10x_rcc.o
    0x08000720   0x0000004e   Code   RO          182    i.RCC_Configuration  main.o
    0x0800076e   0x00000002   PAD
    0x08000770   0x000000d8   Code   RO          553    i.RCC_GetClocksFreq  stm32f10x_rcc.o
    0x08000848   0x0000011c   Code   RO          370    i.Rx2ProcessCMD     quanprocesscmd.o
    0x08000964   0x000000f8   Code   RO          371    i.Rx3ProcessCMD     quanprocesscmd.o
    0x08000a5c   0x00000110   Code   RO          372    i.Rx5ProcessCMD     quanprocesscmd.o
    0x08000b6c   0x00000040   Code   RO         3711    i.STM_EVAL_LEDInit  stm32_eval.o
    0x08000bac   0x00000018   Code   RO         3712    i.STM_EVAL_LEDOff   stm32_eval.o
    0x08000bc4   0x00000018   Code   RO         3713    i.STM_EVAL_LEDOn    stm32_eval.o
    0x08000bdc   0x00000024   Code   RO         3714    i.STM_EVAL_LEDToggle  stm32_eval.o
    0x08000c00   0x00000002   Code   RO            9    i.SVC_Handler       stm32f10x_it.o
    0x08000c02   0x00000008   Code   RO         3672    i.SetSysClock       system_stm32f10x.o
    0x08000c0a   0x00000002   PAD
    0x08000c0c   0x000000b8   Code   RO         3673    i.SetSysClockTo24   system_stm32f10x.o
    0x08000cc4   0x00000054   Code   RO          183    i.SysTick_Config    main.o
    0x08000d18   0x00000008   Code   RO           10    i.SysTick_Handler   stm32f10x_it.o
    0x08000d20   0x00000064   Code   RO         3675    i.SystemInit        system_stm32f10x.o
    0x08000d84   0x00000018   Code   RO         3072    i.TIM_Cmd           stm32f10x_tim.o
    0x08000d9c   0x0000001e   Code   RO         3074    i.TIM_CtrlPWMOutputs  stm32f10x_tim.o
    0x08000dba   0x00000002   PAD
    0x08000dbc   0x00000184   Code   RO          184    i.Tick_Timer        main.o
    0x08000f40   0x00000050   Code   RO          279    i.UART2_to_USARTMTK_long  quart.o
    0x08000f90   0x000000d8   Code   RO          280    i.UART4_IRQHandler  quart.o
    0x08001068   0x00000100   Code   RO          282    i.UART5_IRQHandler  quart.o
    0x08001168   0x00000050   Code   RO          283    i.UARTBLE_to_USARTMTK_long  quart.o
    0x080011b8   0x000000c4   Code   RO          284    i.USART1_IRQHandler  quart.o
    0x0800127c   0x000000ec   Code   RO          285    i.USART2_IRQHandler  quart.o
    0x08001368   0x00000100   Code   RO          286    i.USART3_IRQHandler  quart.o
    0x08001468   0x00000050   Code   RO          287    i.USARTMTK_to_UART2_long  quart.o
    0x080014b8   0x00000050   Code   RO          288    i.USARTMTK_to_UARTBLE_long  quart.o
    0x08001508   0x00000012   Code   RO         1302    i.USART_ClearFlag   stm32f10x_usart.o
    0x0800151a   0x0000001e   Code   RO         1303    i.USART_ClearITPendingBit  stm32f10x_usart.o
    0x08001538   0x00000018   Code   RO         1306    i.USART_Cmd         stm32f10x_usart.o
    0x08001550   0x0000001a   Code   RO         1309    i.USART_GetFlagStatus  stm32f10x_usart.o
    0x0800156a   0x00000054   Code   RO         1310    i.USART_GetITStatus  stm32f10x_usart.o
    0x080015be   0x0000004a   Code   RO         1312    i.USART_ITConfig    stm32f10x_usart.o
    0x08001608   0x000000d8   Code   RO         1313    i.USART_Init        stm32f10x_usart.o
    0x080016e0   0x0000000a   Code   RO         1320    i.USART_ReceiveData  stm32f10x_usart.o
    0x080016ea   0x00000008   Code   RO         1323    i.USART_SendData    stm32f10x_usart.o
    0x080016f2   0x00000004   Code   RO           11    i.UsageFault_Handler  stm32f10x_it.o
    0x080016f6   0x00000002   PAD
    0x080016f8   0x00000010   Code   RO         3609    i.WWDG_Enable       stm32f10x_wwdg.o
    0x08001708   0x00000010   Code   RO         3612    i.WWDG_SetCounter   stm32f10x_wwdg.o
    0x08001718   0x00000018   Code   RO         3613    i.WWDG_SetPrescaler  stm32f10x_wwdg.o
    0x08001730   0x00000028   Code   RO         3614    i.WWDG_SetWindowValue  stm32f10x_wwdg.o
    0x08001758   0x0000000e   Code   RO         4796    i.__scatterload_copy  mc_w.l(handlers.o)
    0x08001766   0x00000002   Code   RO         4797    i.__scatterload_null  mc_w.l(handlers.o)
    0x08001768   0x0000000e   Code   RO         4798    i.__scatterload_zeroinit  mc_w.l(handlers.o)
    0x08001776   0x0000004a   Code   RO          373    i.convertASCII2HexH  quanprocesscmd.o
    0x080017c0   0x0000004a   Code   RO          374    i.convertASCII2HexL  quanprocesscmd.o
    0x0800180a   0x00000002   PAD
    0x0800180c   0x000000dc   Code   RO          483    i.handleEvent       qevent_handler.o
    0x080018e8   0x00000068   Code   RO          375    i.initCommands      quanprocesscmd.o
    0x08001950   0x0000006c   Code   RO          470    i.key_init          qkey.o
    0x080019bc   0x00000164   Code   RO          186    i.main              main.o
    0x08001b20   0x00000068   Code   RO          376    i.processATT1       quanprocesscmd.o
    0x08001b88   0x0000009c   Code   RO          377    i.processATT2       quanprocesscmd.o
    0x08001c24   0x00000108   Code   RO          378    i.processATTX       quanprocesscmd.o
    0x08001d2c   0x00000048   Code   RO          379    i.processLed        quanprocesscmd.o
    0x08001d74   0x00000060   Code   RO          380    i.processoBuzzer    quanprocesscmd.o
    0x08001dd4   0x00000034   Code   RO          381    i.registerCommand   quanprocesscmd.o
    0x08001e08   0x00000010   Code   RO          484    i.sendEvent         qevent_handler.o
    0x08001e18   0x0000000c   Data   RO          516    .constdata          qgpio.o
    0x08001e24   0x0000009c   Data   RO         3723    .constdata          stm32_eval.o
    0x08001ec0   0x00000020   Data   RO         4794    Region$$Table       anon$$obj.o


    Execution Region RW_IRAM1 (Base: 0x20000000, Size: 0x00001290, Max: 0x0000c000, ABSOLUTE)

    Base Addr    Size         Type   Attr      Idx    E Section Name        Object

    0x20000000   0x00000036   Data   RW          188    .data               main.o
    0x20000036   0x00000016   Data   RW          290    .data               quart.o
    0x2000004c   0x00000012   Data   RW          383    .data               quanprocesscmd.o
    0x2000005e   0x00000002   Data   RW          485    .data               qevent_handler.o
    0x20000060   0x00000008   Data   RW          517    .data               qgpio.o
    0x20000068   0x00000014   Data   RW          574    .data               stm32f10x_rcc.o
    0x2000007c   0x00000014   Data   RW         3676    .data               system_stm32f10x.o
    0x20000090   0x00000040   Data   RW         3724    .data               stm32_eval.o
    0x200000d0   0x00000004   Data   RW         4756    .data               mc_w.l(strtok.o)
    0x200000d4   0x00000030   Zero   RW          187    .bss                main.o
    0x20000104   0x000009d4   Zero   RW          289    .bss                quart.o
    0x20000ad8   0x000003b8   Zero   RW          382    .bss                quanprocesscmd.o
    0x20000e90   0x00000400   Zero   RW         4735    STACK               startup_stm32f10x_hd_vl.o


==============================================================================

Image component sizes


      Code (inc. data)   RO Data    RW Data    ZI Data      Debug   Object Name

         0          0          0          0          0         32   core_cm3.o
      1206        106          0         54         48     230130   main.o
       132         22          0          0          0       3799   misc.o
       236         28          0          2          0       1488   qevent_handler.o
       112         28         12          8          0       2414   qgpio.o
       108          4          0          0          0        635   qkey.o
      1800        244          0         18        952      10720   quanprocesscmd.o
      1480        216          0         22       2516       8914   quart.o
        36          8        308          0       1024        976   startup_stm32f10x_hd_vl.o
       148         38        156         64          0       8264   stm32_eval.o
       160         12          0          0          0       4269   stm32f10x_exti.o
       360          4          0          0          0      22466   stm32f10x_gpio.o
       102         14          0          0          0     285785   stm32f10x_it.o
       280         38          0         20          0      15386   stm32f10x_rcc.o
        54          0          0          0          0      22539   stm32f10x_tim.o
       490          6          0          0          0      14701   stm32f10x_usart.o
        96         24          0          0          0       3366   stm32f10x_wwdg.o
       292         24          0         20          0       2445   system_stm32f10x.o

    ----------------------------------------------------------------------
      7110        816        508        208       4540     638329   Object Totals
         0          0         32          0          0          0   (incl. Generated)
        18          0          0          0          0          0   (incl. Padding)

    ----------------------------------------------------------------------

      Code (inc. data)   RO Data    RW Data    ZI Data      Debug   Library Member Name

         0          0          0          0          0          0   entry.o
         0          0          0          0          0          0   entry10a.o
         0          0          0          0          0          0   entry11a.o
         8          4          0          0          0          0   entry2.o
         4          0          0          0          0          0   entry5.o
         0          0          0          0          0          0   entry7b.o
         0          0          0          0          0          0   entry8b.o
         8          4          0          0          0          0   entry9a.o
        30          0          0          0          0          0   handlers.o
        36          8          0          0          0         68   init.o
        36          0          0          0          0         68   memcpya.o
        36          0          0          0          0        108   memseta.o
        28          0          0          0          0         76   strcmp.o
        18          0          0          0          0         68   strcpy.o
        14          0          0          0          0         68   strlen.o
        68          6          0          4          0         80   strtok.o

    ----------------------------------------------------------------------
       286         22          0          4          0        536   Library Totals
         0          0          0          0          0          0   (incl. Padding)

    ----------------------------------------------------------------------

      Code (inc. data)   RO Data    RW Data    ZI Data      Debug   Library Name

       286         22          0          4          0        536   mc_w.l

    ----------------------------------------------------------------------
       286         22          0          4          0        536   Library Totals

    ----------------------------------------------------------------------

==============================================================================


      Code (inc. data)   RO Data    RW Data    ZI Data      Debug   

      7396        838        508        212       4540     635065   Grand Totals
      7396        838        508        212       4540     635065   ELF Image Totals
      7396        838        508        212          0          0   ROM Totals

==============================================================================

    Total RO  Size (Code + RO Data)                 7904 (   7.72kB)
    Total RW  Size (RW Data + ZI Data)              4752 (   4.64kB)
    Total ROM Size (Code + RO Data + RW Data)       8116 (   7.93kB)

==============================================================================

