<html>
<body>
<pre>
<h1>µVision Build Log</h1>
<h2>Tool Versions:</h2>
IDE-Version: £gVision V5.20.0.39
Copyright (C) 2016 ARM Ltd and ARM Germany GmbH. All rights reserved.
License Information: a s, s, LIC=----
 
Tool Versions:
Toolchain:       MDK-Lite  Version: 5.11.0.0
Toolchain Path:  C:\Keil_v5\ARM\ARMCC\Bin
C Compiler:      Armcc.exe V5.04 update 1 (build 49)
Assembler:       Armasm.exe V5.04 update 1 (build 49)
Linker/Locator:  ArmLink.exe V5.04 update 1 (build 49)
Library Manager: ArmAr.exe V5.04 update 1 (build 49)
Hex Converter:   FromElf.exe V5.04 update 1 (build 49)
CPU DLL:         SARMCM3.DLL V5.11.0.0
Dialog DLL:      DCM.DLL V1.11.0.0
Target DLL:      Segger\JL2CM3.dll V2.97.0.0
Dialog DLL:      TCM.DLL V1.14.1.0
 
<h2>Project:</h2>
C:\Users\K98David\Documents\¤u§@°Ï\stm51\STM32F10x_StdPeriph_Lib_V3.5.0\Project\STM32F10x_StdPeriph_Template\MDK-ARM\Project.uvproj
Project File Date:  11/13/2017

<h2>Output:</h2>
*** Using Compiler 'V5.04 update 1 (build 49)', folder: 'C:\Keil_v5\ARM\ARMCC\Bin'
Rebuild target 'STM32100E-EVAL'
compiling stm32f10x_it.c...
compiling QGPIO.c...
compiling QKey.c...
sourcecode\QKey.c(45): warning:  #1-D: last line of file ends without a newline
  }
sourcecode\QKey.c: 1 warning, 0 errors
compiling Qevent_handler.c...
sourcecode\Qevent_handler.c(39): warning:  #223-D: function "USARTMTK_to_UART2_long" declared implicitly
  	  USARTMTK_to_UART2_long(Temp,6);
sourcecode\Qevent_handler.c: 1 warning, 0 errors
compiling QUart.c...
sourcecode\QUart.c(473): warning:  #1-D: last line of file ends without a newline
  }
sourcecode\QUart.c: 1 warning, 0 errors
compiling QuanProcessCMD.c...
sourcecode\QuanProcessCMD.c(18): warning:  #188-D: enumerated type mixed with another type
  UartRX_Port_t UAART_RX_Port=0;
sourcecode\QuanProcessCMD.c(99): warning:  #940-D: missing return statement at end of non-void function "Rx3ProcessCMD"
  }
sourcecode\QuanProcessCMD.c(42): warning:  #177-D: variable "x" was declared but never referenced
  	uint8_t i=0,x=0;
sourcecode\QuanProcessCMD.c(146): warning:  #167-D: argument of type "uint8_t *" is incompatible with parameter of type "char *"
  								commandList[i].commandFunction(temp);
sourcecode\QuanProcessCMD.c(155): warning:  #940-D: missing return statement at end of non-void function "Rx5ProcessCMD"
  }
sourcecode\QuanProcessCMD.c(103): warning:  #177-D: variable "x" was declared but never referenced
    uint8_t i=0,x=0;
sourcecode\QuanProcessCMD.c(203): warning:  #167-D: argument of type "uint8_t *" is incompatible with parameter of type "char *"
  								commandList[i].commandFunction(temp);
sourcecode\QuanProcessCMD.c(212): warning:  #940-D: missing return statement at end of non-void function "Rx2ProcessCMD"
  }
sourcecode\QuanProcessCMD.c(159): warning:  #177-D: variable "x" was declared but never referenced
  	uint8_t i=0,x=0;
sourcecode\QuanProcessCMD.c(260): warning:  #167-D: argument of type "char *" is incompatible with parameter of type "uint8_t *"
  		Len2=convertASCII2HexH(&cmdStr[0]);
sourcecode\QuanProcessCMD.c(261): warning:  #167-D: argument of type "char *" is incompatible with parameter of type "uint8_t *"
  		Len3=convertASCII2HexL(&cmdStr[1]);
sourcecode\QuanProcessCMD.c(274): warning:  #223-D: function "UART2_to_USARTMTK_long" declared implicitly
  		  UART2_to_USARTMTK_long(AT_TransparentTemp,Len2+2+4+2);
sourcecode\QuanProcessCMD.c(318): warning:  #940-D: missing return statement at end of non-void function "processATTX"
  }
sourcecode\QuanProcessCMD.c(234): warning:  #177-D: variable "ASCII" was declared but never referenced
    uint16_t ASCII=0;
sourcecode\QuanProcessCMD.c(343): warning:  #940-D: missing return statement at end of non-void function "processATT1"
  }
sourcecode\QuanProcessCMD.c(322): warning:  #177-D: variable "y" was declared but never referenced
  	uint8_t Len,y=0;
sourcecode\QuanProcessCMD.c(359): warning:  #167-D: argument of type "char *" is incompatible with parameter of type "uint8_t *"
  	Len2=convertASCII2HexH(&cmdStr[4]);
sourcecode\QuanProcessCMD.c(360): warning:  #167-D: argument of type "char *" is incompatible with parameter of type "uint8_t *"
  	Len3=convertASCII2HexL(&cmdStr[5]);
sourcecode\QuanProcessCMD.c(367): warning:  #223-D: function "USARTMTK_to_UART2_long" declared implicitly
  	USARTMTK_to_UART2_long(AT_TransparentTemp,Len2+2+4);
sourcecode\QuanProcessCMD.c(377): warning:  #940-D: missing return statement at end of non-void function "processATT2"
  }
sourcecode\QuanProcessCMD.c(346): warning:  #177-D: variable "Len" was declared but never referenced
  	uint8_t Len,y=0;
sourcecode\QuanProcessCMD.c(346): warning:  #177-D: variable "y" was declared but never referenced
  	uint8_t Len,y=0;
sourcecode\QuanProcessCMD.c(395): warning:  #940-D: missing return statement at end of non-void function "processoBuzzer"
  }
sourcecode\QuanProcessCMD.c(381): warning:  #177-D: variable "y" was declared but never referenced
  		uint8_t Len,y=0;
sourcecode\QuanProcessCMD.c(418): warning:  #940-D: missing return statement at end of non-void function "processLed"
  }
sourcecode\QuanProcessCMD.c: 25 warnings, 0 errors
compiling main.c...
..\main.c(234): warning:  #9-D: nested comment is not allowed
    /* -----------------------------------------------------------------------
..\main.c: 1 warning, 0 errors
compiling misc.c...
compiling stm32f10x_exti.c...
compiling stm32f10x_spi.c...
compiling stm32f10x_gpio.c...
compiling stm32f10x_rcc.c...
compiling stm32f10x_usart.c...
compiling stm32f10x_fsmc.c...
compiling stm32f10x_sdio.c...
compiling stm32f10x_i2c.c...
compiling stm32f10x_dma.c...
compiling stm32f10x_bkp.c...
compiling stm32f10x_adc.c...
compiling stm32f10x_cec.c...
compiling stm32f10x_can.c...
compiling stm32f10x_pwr.c...
compiling stm32f10x_rtc.c...
compiling stm32f10x_iwdg.c...
compiling stm32f10x_dbgmcu.c...
compiling stm32f10x_dac.c...
compiling stm32f10x_crc.c...
compiling stm32f10x_flash.c...
compiling core_cm3.c...
compiling stm32f10x_wwdg.c...
compiling system_stm32f10x.c...
compiling stm32_eval.c...
compiling stm32_eval_spi_sd.c...
compiling stm32_eval_i2c_tsensor.c...
compiling stm32_eval_spi_flash.c...
compiling stm32f10x_tim.c...
assembling startup_stm32f10x_hd_vl.s...
compiling stm32100e_eval_fsmc_onenand.c...
compiling stm32100e_eval_ioe.c...
compiling stm32100e_eval_fsmc_sram.c...
compiling stm32100e_eval_cec.c...
compiling stm32100e_eval_lcd.c...
linking...
Program Size: Code=7396 RO-data=508 RW-data=212 ZI-data=4540  
".\STM32100E-EVAL\STM32100E-EVAL.axf" - 0 Error(s), 29 Warning(s).
Build Time Elapsed:  00:00:05
</pre>
</body>
</html>
